Component: ARM Compiler 5.06 update 6 (build 750) Tool: armlink [4d35ed]

==============================================================================

Section Cross References

    main.o(i.adjust_rtc) refers to drv_rtc.o(i.rtc_gnss_adjust_time) for rtc_gnss_adjust_time
    main.o(i.adjust_rtc) refers to drv_rtc.o(i.rtc_update) for rtc_update
    main.o(i.adjust_rtc) refers to main.o(.data) for rtcAdjInit
    main.o(i.adjust_rtc) refers to drv_rtc.o(.data) for RAM
    main.o(i.arm_syn_int_hdr) refers to dramadapter.o(i.DRam_Read) for DRam_Read
    main.o(i.arm_syn_int_hdr) refers to main.o(.bss) for tt
    main.o(i.fpga_int_hdr) refers to computerframeparse.o(i.rs422_comm1_rx) for rs422_comm1_rx
    main.o(i.fpga_int_hdr) refers to gnsstask.o(i.gnss_comm2_rx) for gnss_comm2_rx
    main.o(i.fpga_int_hdr) refers to gnsstask.o(i.gnss_comm3_rx) for gnss_comm3_rx
    main.o(i.fpga_int_hdr) refers to imutask.o(i.imu_comm5_rx) for imu_comm5_rx
    main.o(i.fpga_int_hdr) refers to main.o(.data) for fpga_syn
    main.o(i.fputc) refers to gd32f4xx_usart.o(i.usart_data_transmit) for usart_data_transmit
    main.o(i.fputc) refers to gd32f4xx_usart.o(i.usart_flag_get) for usart_flag_get
    main.o(i.fwdog_task) refers to event_groups.o(i.xEventGroupWaitBits) for xEventGroupWaitBits
    main.o(i.fwdog_task) refers to fwdog.o(i.fwdog_feed) for fwdog_feed
    main.o(i.fwdog_task) refers to main.o(.data) for xFwdogEventGroup
    main.o(i.gpio_init) refers to drv_gpio.o(i.gd32_pin_mode) for gd32_pin_mode
    main.o(i.gpio_init) refers to drv_gpio.o(i.pin_irq_install) for pin_irq_install
    main.o(i.gpio_init) refers to main.o(.constdata) for .constdata
    main.o(i.gpio_init) refers to main.o(i.fpga_int_hdr) for fpga_int_hdr
    main.o(i.gpio_init) refers to main.o(i.arm_syn_int_hdr) for arm_syn_int_hdr
    main.o(i.main) refers to event_groups.o(i.xEventGroupCreate) for xEventGroupCreate
    main.o(i.main) refers to main.o(i.prvSetupHardware) for prvSetupHardware
    main.o(i.main) refers to main.o(i.peripherals_init) for peripherals_init
    main.o(i.main) refers to gd32f4xx_dbg.o(i.dbg_periph_enable) for dbg_periph_enable
    main.o(i.main) refers to tasks.o(i.xTaskCreate) for xTaskCreate
    main.o(i.main) refers to tasks.o(i.vTaskStartScheduler) for vTaskStartScheduler
    main.o(i.main) refers to main.o(.data) for xFwdogEventGroup
    main.o(i.main) refers to main.o(i.start_task) for start_task
    main.o(i.peripherals_init) refers to exmc_sram.o(i.exmc_sram_init) for exmc_sram_init
    main.o(i.peripherals_init) refers to uartadapter.o(i.Uart_TxInit) for Uart_TxInit
    main.o(i.peripherals_init) refers to uartadapter.o(i.Uart_RxInit) for Uart_RxInit
    main.o(i.peripherals_init) refers to frame_analysis.o(i.frame_init) for frame_init
    main.o(i.peripherals_init) refers to drv_usart.o(i.gd32_hw_usart_init) for gd32_hw_usart_init
    main.o(i.peripherals_init) refers to main.o(i.gpio_init) for gpio_init
    main.o(i.peripherals_init) refers to drv_timer.o(i.gd32_timer_init) for gd32_timer_init
    main.o(i.peripherals_init) refers to drv_rtc.o(i.rtc_configuration) for rtc_configuration
    main.o(i.peripherals_init) refers to imutask.o(i.imuTask_init) for imuTask_init
    main.o(i.peripherals_init) refers to gnsstask.o(i.gnssTask_init) for gnssTask_init
    main.o(i.peripherals_init) refers to computerframeparse.o(i.rs422_comm1_init) for rs422_comm1_init
    main.o(i.prvSetupHardware) refers to system_gd32f4xx.o(i.SystemInit) for SystemInit
    main.o(i.prvSetupHardware) refers to system_gd32f4xx.o(i.SystemCoreClockUpdate) for SystemCoreClockUpdate
    main.o(i.prvSetupHardware) refers to gd32f4xx_misc.o(i.nvic_priority_group_set) for nvic_priority_group_set
    main.o(i.prvSetupHardware) refers to systick.o(i.systick_config) for systick_config
    main.o(i.start_task) refers to port.o(i.vPortEnterCritical) for vPortEnterCritical
    main.o(i.start_task) refers to computerframeparse.o(i.rs422_task_create) for rs422_task_create
    main.o(i.start_task) refers to imutask.o(i.imu_task_create) for imu_task_create
    main.o(i.start_task) refers to gnsstask.o(i.gnss_task_create) for gnss_task_create
    main.o(i.start_task) refers to nav_task.o(i.nav_task_create) for nav_task_create
    main.o(i.start_task) refers to tasks.o(i.vTaskDelete) for vTaskDelete
    main.o(i.start_task) refers to port.o(i.vPortExitCritical) for vPortExitCritical
    main.o(i.start_task) refers to main.o(.data) for task_start_handler
    main.o(i.syn_arm2) refers to drv_gpio.o(i.gd32_pin_write) for gd32_pin_write
    main.o(i.vApplicationIdleHook) refers to drv_rtc.o(i.rtc_update) for rtc_update
    main.o(i.vApplicationIdleHook) refers to main.o(i.adjust_rtc) for adjust_rtc
    systick.o(i.delay_1ms) refers to systick.o(.data) for delay
    systick.o(i.delay_decrement) refers to systick.o(.data) for delay
    systick.o(i.systick_config) refers to systick.o(i.NVIC_SetPriority) for NVIC_SetPriority
[...]
    hex2Float                                0x0800d8f9   Thumb Code    12  data_convert.o(i.hex2Float)
    hw_serial_register                       0x0800d905   Thumb Code    50  serial.o(i.hw_serial_register)
    imuTask_init                             0x0800d939   Thumb Code    46  imutask.o(i.imuTask_init)
    imu_comm5_rx                             0x0800d96d   Thumb Code    62  imutask.o(i.imu_comm5_rx)
    imu_comm5_task                           0x0800d9bd   Thumb Code    62  imutask.o(i.imu_comm5_task)
    imu_notify                               0x0800da11   Thumb Code    18  nav_task.o(i.imu_notify)
    imu_task_create                          0x0800da29   Thumb Code    26  imutask.o(i.imu_task_create)
    inav_datetime_get                        0x0800da5d   Thumb Code    30  inavlog.o(i.inav_datetime_get)
    inav_log                                 0x0800da7d   Thumb Code   286  inavlog.o(i.inav_log)
    lubksb                                   0x0800dcb9   Thumb Code   322  matrix.o(i.lubksb)
    ludcmp                                   0x0800de05   Thumb Code   820  matrix.o(i.ludcmp)
    main                                     0x0800e14d   Thumb Code    98  main.o(i.main)
    malloc                                   0x0800e1c9   Thumb Code    92  malloc.o(i.malloc)
    matcpy                                   0x0800e235   Thumb Code    30  matrix.o(i.matcpy)
    matinv                                   0x0800e255   Thumb Code   172  matrix.o(i.matinv)
    matmul                                   0x0800e319   Thumb Code   592  matrix.o(i.matmul)
    matrixSum                                0x0800e571   Thumb Code   134  matrix.o(i.matrixSum)
    nav_gnss_task                            0x0800e5f9   Thumb Code    38  nav_task.o(i.nav_gnss_task)
    nav_imu_task                             0x0800e629   Thumb Code    54  nav_task.o(i.nav_imu_task)
    nav_task_create                          0x0800e669   Thumb Code    46  nav_task.o(i.nav_task_create)
    norm                                     0x0800e6c5   Thumb Code    38  matrix.o(i.norm)
    nvic_irq_disable                         0x0800e6ed   Thumb Code    18  gd32f4xx_misc.o(i.nvic_irq_disable)
    nvic_irq_enable                          0x0800e705   Thumb Code   186  gd32f4xx_misc.o(i.nvic_irq_enable)
    nvic_priority_group_set                  0x0800e7c9   Thumb Code    10  gd32f4xx_misc.o(i.nvic_priority_group_set)
    pin_irq_install                          0x0800e8c5   Thumb Code    52  drv_gpio.o(i.pin_irq_install)
    pmu_backup_write_enable                  0x0800e8f9   Thumb Code    14  gd32f4xx_pmu.o(i.pmu_backup_write_enable)
    pvPortMalloc                             0x0800f3a5   Thumb Code   316  heap_4.o(i.pvPortMalloc)
    pvTaskIncrementMutexHeldCount            0x0800f4f9   Thumb Code    26  tasks.o(i.pvTaskIncrementMutexHeldCount)
    pxPortInitialiseStack                    0x0800f519   Thumb Code    38  port.o(i.pxPortInitialiseStack)
    q2mat                                    0x0800f545   Thumb Code   844  matrix.o(i.q2mat)
    qdelphi                                  0x0800f899   Thumb Code    68  matrix.o(i.qdelphi)
    qmulv                                    0x0800f90d   Thumb Code  1134  matrix.o(i.qmulv)
    qnb2att                                  0x0800fd7d   Thumb Code   944  matrix.o(i.qnb2att)
    qnbmul                                   0x0801013d   Thumb Code   802  matrix.o(i.qnbmul)
    rcu_clock_freq_get                       0x0801047d   Thumb Code   264  gd32f4xx_rcu.o(i.rcu_clock_freq_get)
    rcu_flag_get                             0x080105a1   Thumb Code    32  gd32f4xx_rcu.o(i.rcu_flag_get)
    rcu_osci_on                              0x080105c5   Thumb Code    32  gd32f4xx_rcu.o(i.rcu_osci_on)
    rcu_osci_stab_wait                       0x080105e9   Thumb Code   342  gd32f4xx_rcu.o(i.rcu_osci_stab_wait)
    rcu_periph_clock_enable                  0x08010745   Thumb Code    32  gd32f4xx_rcu.o(i.rcu_periph_clock_enable)
    rcu_periph_reset_disable                 0x08010769   Thumb Code    32  gd32f4xx_rcu.o(i.rcu_periph_reset_disable)
    rcu_periph_reset_enable                  0x0801078d   Thumb Code    32  gd32f4xx_rcu.o(i.rcu_periph_reset_enable)
    rcu_rtc_clock_config                     0x080107b1   Thumb Code    18  gd32f4xx_rcu.o(i.rcu_rtc_clock_config)
    rcu_timer_clock_prescaler_config         0x080107c9   Thumb Code    32  gd32f4xx_rcu.o(i.rcu_timer_clock_prescaler_config)
    rotv                                     0x080107ed   Thumb Code  1760  matrix.o(i.rotv)
    rs422_comm1_init                         0x08010ecd   Thumb Code    46  computerframeparse.o(i.rs422_comm1_init)
    rs422_comm1_rx                           0x08010f01   Thumb Code    70  computerframeparse.o(i.rs422_comm1_rx)
    rs422_comm1_task                         0x08010f59   Thumb Code    64  computerframeparse.o(i.rs422_comm1_task)
    rs422_task_create                        0x08010fad   Thumb Code    24  computerframeparse.o(i.rs422_task_create)
    rtc_configuration                        0x08010fdd   Thumb Code    38  drv_rtc.o(i.rtc_configuration)
    rtc_current_time_get                     0x08011009   Thumb Code    96  gd32f4xx_rtc.o(i.rtc_current_time_get)
    rtc_gnss_adjust_time                     0x0801106d   Thumb Code   274  drv_rtc.o(i.rtc_gnss_adjust_time)
    rtc_init                                 0x0801118d   Thumb Code   190  gd32f4xx_rtc.o(i.rtc_init)
    rtc_init_mode_enter                      0x08011251   Thumb Code    66  gd32f4xx_rtc.o(i.rtc_init_mode_enter)
    rtc_init_mode_exit                       0x08011299   Thumb Code    14  gd32f4xx_rtc.o(i.rtc_init_mode_exit)
    rtc_pre_config                           0x080112ad   Thumb Code    54  drv_rtc.o(i.rtc_pre_config)
    rtc_register_sync_wait                   0x080112ed   Thumb Code    92  gd32f4xx_rtc.o(i.rtc_register_sync_wait)
    rtc_setup                                0x0801134d   Thumb Code    72  drv_rtc.o(i.rtc_setup)
    rtc_show_time                            0x080113a5   Thumb Code   160  drv_rtc.o(i.rtc_show_time)
    rtc_subsecond_get                        0x08011475   Thumb Code    14  gd32f4xx_rtc.o(i.rtc_subsecond_get)
    rtc_update                               0x08011489   Thumb Code   308  drv_rtc.o(i.rtc_update)
    rv2q                                     0x080115fd   Thumb Code   348  matrix.o(i.rv2q)
    sqrt                                     0x08011799   Thumb Code   110  sqrt.o(i.sqrt)
    start_task                               0x08011809   Thumb Code    38  main.o(i.start_task)
    static_detection                         0x08011835   Thumb Code   316  inavins.o(i.static_detection)
    str2time                                 0x08011979   Thumb Code   242  time_unify.o(i.str2time)
    sum_check                                0x08011aa5   Thumb Code    32  frame_analysis.o(i.sum_check)
    symmetry                                 0x08011ac5   Thumb Code   130  matrix.o(i.symmetry)
    syscfg_exti_line_config                  0x08011b51   Thumb Code   166  gd32f4xx_syscfg.o(i.syscfg_exti_line_config)
    systick_config                           0x08011d01   Thumb Code    74  systick.o(i.systick_config)
    time2gpst                                0x08011d51   Thumb Code    80  time_unify.o(i.time2gpst)
    timeUpdate                               0x08011dad   Thumb Code    48  drv_rtc.o(i.timeUpdate)
    timer3_init                              0x08011de5   Thumb Code   112  drv_timer.o(i.timer3_init)
    timer_auto_reload_shadow_enable          0x08011e59   Thumb Code    10  gd32f4xx_timer.o(i.timer_auto_reload_shadow_enable)
    timer_channel_capture_value_register_read 0x08011e63   Thumb Code    42  gd32f4xx_timer.o(i.timer_channel_capture_value_register_read)
    timer_deinit                             0x08011e8d   Thumb Code   374  gd32f4xx_timer.o(i.timer_deinit)
    timer_enable                             0x08012011   Thumb Code    10  gd32f4xx_timer.o(i.timer_enable)
    timer_init                               0x0801201d   Thumb Code   122  gd32f4xx_timer.o(i.timer_init)
    timer_interrupt_enable                   0x080120b5   Thumb Code     8  gd32f4xx_timer.o(i.timer_interrupt_enable)
    timer_interrupt_flag_clear               0x080120bd   Thumb Code     6  gd32f4xx_timer.o(i.timer_interrupt_flag_clear)
    timer_interrupt_flag_get                 0x080120c3   Thumb Code    24  gd32f4xx_timer.o(i.timer_interrupt_flag_get)
    timer_update_source_config               0x080120db   Thumb Code    26  gd32f4xx_timer.o(i.timer_update_source_config)
    uart4_dma_send_data                      0x080120f5   Thumb Code   258  drv_usart.o(i.uart4_dma_send_data)
    uart4_rx_finish_irq                      0x08012205   Thumb Code    78  drv_usart.o(i.uart4_rx_finish_irq)
    usart_baudrate_set                       0x08012261   Thumb Code   224  gd32f4xx_usart.o(i.usart_baudrate_set)
    usart_data_first_config                  0x08012349   Thumb Code    20  gd32f4xx_usart.o(i.usart_data_first_config)
    usart_data_receive                       0x0801235d   Thumb Code    10  gd32f4xx_usart.o(i.usart_data_receive)
    usart_data_transmit                      0x08012367   Thumb Code     8  gd32f4xx_usart.o(i.usart_data_transmit)
    usart_deinit                             0x08012371   Thumb Code   210  gd32f4xx_usart.o(i.usart_deinit)
    usart_disable                            0x0801244d   Thumb Code    10  gd32f4xx_usart.o(i.usart_disable)
    usart_dma_receive_config                 0x08012457   Thumb Code    16  gd32f4xx_usart.o(i.usart_dma_receive_config)
    usart_dma_transmit_config                0x08012467   Thumb Code    16  gd32f4xx_usart.o(i.usart_dma_transmit_config)
    usart_enable                             0x08012477   Thumb Code    10  gd32f4xx_usart.o(i.usart_enable)
    usart_flag_clear                         0x08012481   Thumb Code    26  gd32f4xx_usart.o(i.usart_flag_clear)
    usart_flag_get                           0x0801249b   Thumb Code    30  gd32f4xx_usart.o(i.usart_flag_get)
    usart_interrupt_disable                  0x080124b9   Thumb Code    26  gd32f4xx_usart.o(i.usart_interrupt_disable)
    usart_interrupt_enable                   0x080124d3   Thumb Code    26  gd32f4xx_usart.o(i.usart_interrupt_enable)
    usart_interrupt_flag_clear               0x080124ed   Thumb Code    26  gd32f4xx_usart.o(i.usart_interrupt_flag_clear)
    usart_interrupt_flag_get                 0x08012507   Thumb Code    56  gd32f4xx_usart.o(i.usart_interrupt_flag_get)
    usart_invert_config                      0x0801253f   Thumb Code   104  gd32f4xx_usart.o(i.usart_invert_config)
    usart_parity_config                      0x080125a7   Thumb Code    16  gd32f4xx_usart.o(i.usart_parity_config)
    usart_receive_config                     0x080125b7   Thumb Code    16  gd32f4xx_usart.o(i.usart_receive_config)
    usart_stop_bit_set                       0x080125c7   Thumb Code    16  gd32f4xx_usart.o(i.usart_stop_bit_set)
    usart_transmit_config                    0x080125d7   Thumb Code    16  gd32f4xx_usart.o(i.usart_transmit_config)
    usart_word_length_set                    0x080125e7   Thumb Code    16  gd32f4xx_usart.o(i.usart_word_length_set)
    uxListRemove                             0x080125f7   Thumb Code    40  list.o(i.uxListRemove)
    vApplicationIdleHook                     0x0801261f   Thumb Code    12  main.o(i.vApplicationIdleHook)
    vApplicationMallocFailedHook             0x0801262b   Thumb Code    22  main.o(i.vApplicationMallocFailedHook)
    vApplicationStackOverflowHook            0x08012641   Thumb Code    22  main.o(i.vApplicationStackOverflowHook)
    vListInitialise                          0x08012657   Thumb Code    26  list.o(i.vListInitialise)
    vListInitialiseItem                      0x08012671   Thumb Code     6  list.o(i.vListInitialiseItem)
    vListInsert                              0x08012677   Thumb Code    52  list.o(i.vListInsert)
    vListInsertEnd                           0x080126ab   Thumb Code    24  list.o(i.vListInsertEnd)
    vPortEnterCritical                       0x080126c5   Thumb Code    76  port.o(i.vPortEnterCritical)
    vPortExitCritical                        0x08012719   Thumb Code    56  port.o(i.vPortExitCritical)
    vPortFree                                0x08012755   Thumb Code   150  heap_4.o(i.vPortFree)
    vPortSetupTimerInterrupt                 0x080127f9   Thumb Code    36  port.o(i.vPortSetupTimerInterrupt)
    vPortValidateInterruptPriority           0x08012821   Thumb Code   106  port.o(i.vPortValidateInterruptPriority)
    vQueueAddToRegistry                      0x08012899   Thumb Code    38  queue.o(i.vQueueAddToRegistry)
    vQueueWaitForMessageRestricted           0x080128c5   Thumb Code    74  queue.o(i.vQueueWaitForMessageRestricted)
    vTaskDelete                              0x08012911   Thumb Code   202  tasks.o(i.vTaskDelete)
    vTaskInternalSetTimeOutState             0x08012a05   Thumb Code    14  tasks.o(i.vTaskInternalSetTimeOutState)
    vTaskMissedYield                         0x08012a1d   Thumb Code     8  tasks.o(i.vTaskMissedYield)
    vTaskPlaceOnEventList                    0x08012a29   Thumb Code    52  tasks.o(i.vTaskPlaceOnEventList)
    vTaskPlaceOnEventListRestricted          0x08012a61   Thumb Code    60  tasks.o(i.vTaskPlaceOnEventListRestricted)
    vTaskPriorityDisinheritAfterTimeout      0x08012aa1   Thumb Code   216  tasks.o(i.vTaskPriorityDisinheritAfterTimeout)
    vTaskRemoveFromUnorderedEventList        0x08012b85   Thumb Code   142  tasks.o(i.vTaskRemoveFromUnorderedEventList)
    vTaskStartScheduler                      0x08012c29   Thumb Code   120  tasks.o(i.vTaskStartScheduler)
    vTaskSuspendAll                          0x08012cbd   Thumb Code    12  tasks.o(i.vTaskSuspendAll)
    vTaskSwitchContext                       0x08012ccd   Thumb Code   148  tasks.o(i.vTaskSwitchContext)
    xEventGroupCreate                        0x08012d75   Thumb Code    26  event_groups.o(i.xEventGroupCreate)
    xEventGroupSetBits                       0x08012d8f   Thumb Code   206  event_groups.o(i.xEventGroupSetBits)
    xPortStartScheduler                      0x08012e5d   Thumb Code   330  port.o(i.xPortStartScheduler)
    xQueueGenericCreate                      0x08012fc5   Thumb Code    84  queue.o(i.xQueueGenericCreate)
    xQueueGenericReset                       0x08013019   Thumb Code   146  queue.o(i.xQueueGenericReset)
    xQueueGenericSend                        0x080130b1   Thumb Code   466  queue.o(i.xQueueGenericSend)
    xQueueGenericSendFromISR                 0x08013289   Thumb Code   274  queue.o(i.xQueueGenericSendFromISR)
    xQueueGiveFromISR                        0x0801339b   Thumb Code   244  queue.o(i.xQueueGiveFromISR)
    xQueueReceive                            0x08013491   Thumb Code   356  queue.o(i.xQueueReceive)
    xQueueSemaphoreTake                      0x080135f9   Thumb Code   434  queue.o(i.xQueueSemaphoreTake)
    xTaskCheckForTimeOut                     0x080137b1   Thumb Code   132  tasks.o(i.xTaskCheckForTimeOut)
    xTaskCreate                              0x0801383d   Thumb Code    96  tasks.o(i.xTaskCreate)
    xTaskGenericNotify                       0x0801389d   Thumb Code   280  tasks.o(i.xTaskGenericNotify)
    xTaskGetSchedulerState                   0x080139c5   Thumb Code    24  tasks.o(i.xTaskGetSchedulerState)
    xTaskGetTickCount                        0x080139e5   Thumb Code     6  tasks.o(i.xTaskGetTickCount)
    xTaskIncrementTick                       0x080139f1   Thumb Code   282  tasks.o(i.xTaskIncrementTick)
    xTaskNotifyWait                          0x08013b39   Thumb Code   150  tasks.o(i.xTaskNotifyWait)
    xTaskPriorityDisinherit                  0x08013bd9   Thumb Code   188  tasks.o(i.xTaskPriorityDisinherit)
    xTaskPriorityInherit                     0x08013ca1   Thumb Code   172  tasks.o(i.xTaskPriorityInherit)
    xTaskRemoveFromEventList                 0x08013d59   Thumb Code   128  tasks.o(i.xTaskRemoveFromEventList)
    xTaskResumeAll                           0x08013df1   Thumb Code   224  tasks.o(i.xTaskResumeAll)
    xTimerCreateTimerTask                    0x08013ef5   Thumb Code    64  timers.o(i.xTimerCreateTimerTask)
    xTimerGenericCommand                     0x08013f49   Thumb Code   128  timers.o(i.xTimerGenericCommand)
    xor_check                                0x08013fcd   Thumb Code    28  frame_analysis.o(i.xor_check)
    zeros                                    0x08013fe9   Thumb Code    96  matrix.o(i.zeros)
    __mathlib_zero                           0x08014ee0   Data           8  qnan.o(.constdata)
    __ctype_table                            0x08014fd8   Data         129  ctype_o.o(.constdata)
    Region$$Table$$Base                      0x08015288   Number         0  anon$$obj.o(Region$$Table)
    Region$$Table$$Limit                     0x080152a8   Number         0  anon$$obj.o(Region$$Table)
    fpgaBuf                                  0x20000000   Data          10  main.o(.data)
    fpga_dram_wr                             0x2000000a   Data        1000  main.o(.data)
    fpga_syn                                 0x200003f2   Data           1  main.o(.data)
    task_start_handler                       0x200003f4   Data           4  main.o(.data)
    xFwdogEventGroup                         0x200003f8   Data           4  main.o(.data)
    hGPSTimeSyn                              0x20000400   Data           6  gnss.o(.data)
    gCmdIndex                                0x20000406   Data           1  gnss.o(.data)
    gCmdTypeIndex                            0x20000407   Data           1  gnss.o(.data)
    cmdKind                                  0x20000408   Data           4  gnss.o(.data)
    gnssSynFlg                               0x2000040c   Data           1  gnss.o(.data)
    xCommQueue                               0x20000410   Data           4  computerframeparse.o(.data)
    fpga_data_read_flag                      0x20000414   Data           1  computerframeparse.o(.data)
    setting_update                           0x20000415   Data           1  computerframeparse.o(.data)
    xNavQueue                                0x2000041c   Data           4  nav_task.o(.data)
    task_imu_handler                         0x20000420   Data           4  nav_task.o(.data)
    task_gnss_handler                        0x20000424   Data           4  nav_task.o(.data)
    xQueueStatus                             0x20000428   Data           1  nav_task.o(.data)
    comm2_queue                              0x20000434   Data           4  gnsstask.o(.data)
    comm3_queue                              0x20000438   Data           4  gnsstask.o(.data)
    xGnssComm2Semaphore                      0x2000043c   Data           4  gnsstask.o(.data)
    xGnssComm3Semaphore                      0x20000440   Data           4  gnsstask.o(.data)
    task_gnss_comm2_handler                  0x20000444   Data           4  gnsstask.o(.data)
    task_gnss_comm3_handler                  0x20000448   Data           4  gnsstask.o(.data)
    task_imu_comm5_handler                   0x20000450   Data           4  imutask.o(.data)
    xImuComm5Semaphore                       0x20000454   Data           4  imutask.o(.data)
    SystemCoreClock                          0x20000458   Data           4  system_gd32f4xx.o(.data)
    pin_irq_hdr_tab                          0x2000045c   Data         256  drv_gpio.o(.data)
    usart4                                   0x2000055c   Data           8  drv_usart.o(.data)
    serial4                                  0x20000564   Data          48  drv_usart.o(.data)
    RAM                                      0x20000594   Data           6  drv_rtc.o(.data)
    secondCount                              0x2000059a   Data           1  drv_rtc.o(.data)
    prescaler_a                              0x2000059c   Data           4  drv_rtc.o(.data)
    prescaler_s                              0x200005a0   Data           4  drv_rtc.o(.data)
    ccnumber                                 0x200005a8   Data           1  drv_timer.o(.data)
    ic1value                                 0x200005ac   Data           4  drv_timer.o(.data)
    ic2value                                 0x200005b0   Data           4  drv_timer.o(.data)
    dutycycle                                0x200005b4   Data           2  drv_timer.o(.data)
    frequency                                0x200005b6   Data           2  drv_timer.o(.data)
    count                                    0x200005b8   Data           2  drv_timer.o(.data)
    rd                                       0x200005ba   Data           2  uartadapter.o(.data)
    gpst0                                    0x200005c0   Data          48  time_unify.o(.data)
    gst0                                     0x200005f0   Data          48  time_unify.o(.data)
    bdt0                                     0x20000620   Data          48  time_unify.o(.data)
    leaps                                    0x20000650   Data        1008  time_unify.o(.data)
    mday                                     0x20000a40   Data         192  time_unify.o(.data)
    pxCurrentTCB                             0x20000b1c   Data           4  tasks.o(.data)
    __stdout                                 0x20000b9c   Data           4  stdout.o(.data)
    __microlib_freelist                      0x20000ba0   Data           4  mvars.o(.data)
    __microlib_freelist_initialised          0x20000ba4   Data           4  mvars.o(.data)
    fpga_dram_rd                             0x20000bb0   Data        1000  main.o(.bss)
    tt                                       0x20000f98   Data          16  main.o(.bss)
    imuParseData                             0x20000fa8   Data          88  frame_analysis.o(.bss)
    rs422_frame                              0x20001000   Data         100  frame_analysis.o(.bss)
    imu_info                                 0x20001064   Data          23  frame_analysis.o(.bss)
    hGPSData                                 0x20001080   Data         152  gnss.o(.bss)
    hGPSBestPosData                          0x20001118   Data         128  gnss.o(.bss)
    hGPSBestVelData                          0x20001198   Data          64  gnss.o(.bss)
    hGPSHeadingData                          0x200011d8   Data          80  gnss.o(.bss)
    hGPSZdaData                              0x20001228   Data          32  gnss.o(.bss)
    hGPSTraData                              0x20001248   Data          56  gnss.o(.bss)
    hGPSVtgData                              0x20001280   Data          64  gnss.o(.bss)
    hGPSRmcData                              0x200012c0   Data          96  gnss.o(.bss)
    hGPSGgaData                              0x20001320   Data          64  gnss.o(.bss)
    hGPSAgricData                            0x20001360   Data         136  gnss.o(.bss)
    hSetting                                 0x200013e8   Data          92  computerframeparse.o(.bss)
    hDefaultSetting                          0x20001444   Data          92  computerframeparse.o(.bss)
    combineData                              0x20001608   Data         240  nav_task.o(.bss)
    g_Export_Result                          0x200016f8   Data         304  nav_task.o(.bss)
    g_UartData                               0x2000288c   Data        1625  drv_usart.o(.bss)
    rtc_initpara                             0x20002ee8   Data          20  drv_rtc.o(.bss)
    rtc_alarm                                0x20002efc   Data          16  drv_rtc.o(.bss)
    rtc_timestamp                            0x20002f0c   Data          12  drv_rtc.o(.bss)
    rtc_str                                  0x20002f18   Data          30  drv_rtc.o(.bss)
    rtc_tt                                   0x20002f38   Data          16  drv_rtc.o(.bss)
    rtc_update_info                          0x20002f48   Data          16  drv_rtc.o(.bss)
    g_NAV_GNSS_RESULT                        0x20002f58   Data         152  inavgnss.o(.bss)
    g_NAV_INS                                0x20002ff0   Data        7488  inavins.o(.bss)
    g_STATIC_DETECTION                       0x20004d30   Data        2408  inavins.o(.bss)
    g_Compensate_Params                      0x20005698   Data          32  inavins.o(.bss)
    g_PrintBuff                              0x200056b8   Data        4096  inavlog.o(.bss)
    glLudMat_vv                              0x200066b8   Data          56  matrix.o(.bss)
    m_InvMat_B                               0x200066f0   Data         392  matrix.o(.bss)
    m_InvMat_indx                            0x20006878   Data          28  matrix.o(.bss)
    g_MatrixBuff                             0x20006894   Data        4096  matrix.o(.bss)
    xQueueRegistry                           0x20007894   Data          64  queue.o(.bss)
    __heap_base                              0x20020a90   Data           0  startup_gd32f450_470.o(HEAP)
    __heap_limit                             0x20060a90   Data           0  startup_gd32f450_470.o(HEAP)
    __initial_sp                             0x20060e90   Data           0  startup_gd32f450_470.o(STACK)



==============================================================================

Memory Map of the image

  Image Entry point : 0x080001ad

  Load Region LR_IROM1 (Base: 0x08000000, Size: 0x00015e54, Max: 0x00200000, ABSOLUTE, COMPRESSED[0x000153b8])

    Execution Region ER_IROM1 (Exec base: 0x08000000, Load base: 0x08000000, Size: 0x000152a8, Max: 0x00200000, ABSOLUTE)

    Exec Addr    Load Addr    Size         Type   Attr      Idx    E Section Name        Object

    0x08000000   0x08000000   0x000001ac   Data   RO         1278    RESET               startup_gd32f450_470.o
    0x080001ac   0x080001ac   0x00000000   Code   RO         7273  * .ARM.Collect$$$$00000000  mc_w.l(entry.o)
    0x080001ac   0x080001ac   0x00000004   Code   RO         7678    .ARM.Collect$$$$00000001  mc_w.l(entry2.o)
    0x080001b0   0x080001b0   0x00000004   Code   RO         7681    .ARM.Collect$$$$00000004  mc_w.l(entry5.o)
    0x080001b4   0x080001b4   0x00000000   Code   RO         7683    .ARM.Collect$$$$00000008  mc_w.l(entry7b.o)
    0x080001b4   0x080001b4   0x00000000   Code   RO         7685    .ARM.Collect$$$$0000000A  mc_w.l(entry8b.o)
    0x080001b4   0x080001b4   0x00000008   Code   RO         7686    .ARM.Collect$$$$0000000B  mc_w.l(entry9a.o)
    0x080001bc   0x080001bc   0x00000000   Code   RO         7688    .ARM.Collect$$$$0000000D  mc_w.l(entry10a.o)
    0x080001bc   0x080001bc   0x00000000   Code   RO         7690    .ARM.Collect$$$$0000000F  mc_w.l(entry11a.o)
    0x080001bc   0x080001bc   0x00000004   Code   RO         7679    .ARM.Collect$$$$00002712  mc_w.l(entry2.o)
    0x080001c0   0x080001c0   0x000000be   Code   RO         7001    .emb_text           port.o
    0x0800027e   0x0800027e   0x00000002   PAD
    0x08000280   0x08000280   0x00000024   Code   RO         1279    .text               startup_gd32f450_470.o
    0x080002a4   0x080002a4   0x00000024   Code   RO         7276    .text               mc_w.l(memcpya.o)
    0x080002c8   0x080002c8   0x00000024   Code   RO         7278    .text               mc_w.l(memseta.o)
    0x080002ec   0x080002ec   0x00000018   Code   RO         7280    .text               mc_w.l(strcat.o)
    0x08000304   0x08000304   0x00000024   Code   RO         7282    .text               mc_w.l(strstr.o)
    0x08000328   0x08000328   0x00000018   Code   RO         7284    .text               mc_w.l(strncpy.o)
    0x08000340   0x08000340   0x00000014   Code   RO         7286    .text               mc_w.l(strchr.o)
    0x08000354   0x08000354   0x0000000e   Code   RO         7288    .text               mc_w.l(strlen.o)
    0x08000362   0x08000362   0x0000001a   Code   RO         7290    .text               mc_w.l(memcmp.o)
    0x0800037c   0x0800037c   0x0000001e   Code   RO         7296    .text               mc_w.l(strncmp.o)
    0x0800039a   0x0800039a   0x00000002   PAD
    0x0800039c   0x0800039c   0x00000044   Code   RO         7298    .text               mc_w.l(strtok.o)
    0x080003e0   0x080003e0   0x00000020   Code   RO         7304    .text               mc_w.l(strrchr.o)
    0x08000400   0x08000400   0x00000038   Code   RO         7597    .text               mc_w.l(__0sscanf.o)
    0x08000438   0x08000438   0x00000360   Code   RO         7599    .text               mc_w.l(scanf_fp.o)
    0x08000798   0x08000798   0x0000001a   Code   RO         7603    .text               mc_w.l(atoi.o)
    0x080007b2   0x080007b2   0x0000001a   Code   RO         7605    .text               mc_w.l(atol.o)
    0x080007cc   0x080007cc   0x0000014e   Code   RO         7607    .text               mf_w.l(dadd.o)
    0x0800091a   0x0800091a   0x000000e4   Code   RO         7609    .text               mf_w.l(dmul.o)
    0x080009fe   0x080009fe   0x000000de   Code   RO         7611    .text               mf_w.l(ddiv.o)
    0x08000adc   0x08000adc   0x00000022   Code   RO         7615    .text               mf_w.l(dflti.o)
    0x08000afe   0x08000afe   0x0000001a   Code   RO         7617    .text               mf_w.l(dfltui.o)
    0x08000b18   0x08000b18   0x0000003e   Code   RO         7619    .text               mf_w.l(dfixi.o)
    0x08000b56   0x08000b56   0x00000032   Code   RO         7621    .text               mf_w.l(dfixui.o)
    0x08000b88   0x08000b88   0x00000026   Code   RO         7623    .text               mf_w.l(f2d.o)
    0x08000bae   0x08000bae   0x00000002   PAD
    0x08000bb0   0x08000bb0   0x00000030   Code   RO         7625    .text               mf_w.l(cdcmple.o)
    0x08000be0   0x08000be0   0x00000030   Code   RO         7627    .text               mf_w.l(cdrcmple.o)
    0x08000c10   0x08000c10   0x00000038   Code   RO         7629    .text               mf_w.l(d2f.o)
    0x08000c48   0x08000c48   0x0000002c   Code   RO         7693    .text               mc_w.l(uidiv.o)
    0x08000c74   0x08000c74   0x00000062   Code   RO         7695    .text               mc_w.l(uldiv.o)
    0x08000cd6   0x08000cd6   0x0000001e   Code   RO         7697    .text               mc_w.l(llshl.o)
    0x08000cf4   0x08000cf4   0x00000020   Code   RO         7699    .text               mc_w.l(llushr.o)
    0x08000d14   0x08000d14   0x00000024   Code   RO         7701    .text               mc_w.l(llsshr.o)
    0x08000d38   0x08000d38   0x00000028   Code   RO         7712    .text               mc_w.l(scanf_char.o)
    0x08000d60   0x08000d60   0x00000040   Code   RO         7714    .text               mc_w.l(_sgetc.o)
    0x08000da0   0x08000da0   0x0000009c   Code   RO         7716    .text               mc_w.l(strtod.o)
    0x08000e3c   0x08000e3c   0x00000070   Code   RO         7718    .text               mc_w.l(strtol.o)
    0x08000eac   0x08000eac   0x00000000   Code   RO         7720    .text               mc_w.l(iusefp.o)
    0x08000eac   0x08000eac   0x0000006e   Code   RO         7721    .text               mf_w.l(fepilogue.o)
    0x08000f1a   0x08000f1a   0x000000ba   Code   RO         7723    .text               mf_w.l(depilogue.o)
    0x08000fd4   0x08000fd4   0x000000a2   Code   RO         7727    .text               mf_w.l(dsqrt.o)
    0x08001076   0x08001076   0x00000018   Code   RO         7731    .text               mf_w.l(dfltul.o)
    0x0800108e   0x0800108e   0x00000030   Code   RO         7733    .text               mf_w.l(dfixul.o)
    0x080010be   0x080010be   0x00000002   PAD
    0x080010c0   0x080010c0   0x00000024   Code   RO         7735    .text               mc_w.l(init.o)
    0x080010e4   0x080010e4   0x00000008   Code   RO         7739    .text               mc_w.l(ctype_o.o)
    0x080010ec   0x080010ec   0x00000012   Code   RO         7761    .text               mc_w.l(isspace_o.o)
    0x080010fe   0x080010fe   0x00000002   PAD
    0x08001100   0x08001100   0x0000032c   Code   RO         7767    .text               mc_w.l(_scanf.o)
    0x0800142c   0x0800142c   0x0000009e   Code   RO         7769    .text               mc_w.l(_strtoul.o)
    0x080014ca   0x080014ca   0x0000001c   Code   RO         7774    .text               mc_w.l(_chval.o)
    0x080014e6   0x080014e6   0x00000056   Code   RO         7784    .text               mc_w.l(__dczerorl2.o)
    0x0800153c   0x0800153c   0x00000004   Code   RO          372    i.BusFault_Handler  gd32f4xx_it.o
    0x08001540   0x08001540   0x0000003a   Code   RO         5012    i.ByteDeCirQueue    m_queue.o
    0x0800157a   0x0800157a   0x00000002   PAD
    0x0800157c   0x0800157c   0x00000050   Code   RO         4664    i.CAN0_RX0_IRQHandler  drv_can.o
    0x080015cc   0x080015cc   0x00000002   Code   RO         4665    i.CAN0_TX_IRQHandler  drv_can.o
    0x080015ce   0x080015ce   0x00000002   PAD
    0x080015d0   0x080015d0   0x00000054   Code   RO         4666    i.CAN1_RX0_IRQHandler  drv_can.o
    0x08001624   0x08001624   0x00000030   Code   RO         5013    i.CirQueueGenericCreate  m_queue.o
    0x08001654   0x08001654   0x000000b8   Code   RO         4515    i.DMA0_Channel7_IRQHandler  drv_usart.o
    0x0800170c   0x0800170c   0x00000030   Code   RO         5219    i.DRam_Read         dramadapter.o
    0x0800173c   0x0800173c   0x00000002   Code   RO          373    i.DebugMon_Handler  gd32f4xx_it.o
    0x0800173e   0x0800173e   0x0000000a   Code   RO         4348    i.EXTI0_IRQHandler  drv_gpio.o
    0x08001748   0x08001748   0x00000028   Code   RO         4349    i.EXTI10_15_IRQHandler  drv_gpio.o
    0x08001770   0x08001770   0x0000000a   Code   RO         4350    i.EXTI1_IRQHandler  drv_gpio.o
    0x0800177a   0x0800177a   0x0000000a   Code   RO         4351    i.EXTI2_IRQHandler  drv_gpio.o
    0x08001784   0x08001784   0x0000000a   Code   RO         4352    i.EXTI3_IRQHandler  drv_gpio.o
    0x0800178e   0x0800178e   0x0000000a   Code   RO         4353    i.EXTI4_IRQHandler  drv_gpio.o
    0x08001798   0x08001798   0x00000022   Code   RO         4354    i.EXTI5_9_IRQHandler  drv_gpio.o
    0x080017ba   0x080017ba   0x00000080   Code   RO         5016    i.EnCirQueue        m_queue.o
    0x0800183a   0x0800183a   0x0000001a   Code   RO         5307    i.FMC_ReadWord      fmcadapter.o
    0x08001854   0x08001854   0x00000040   Code   RO         4355    i.GD32_GPIO_EXTI_IRQHandler  drv_gpio.o
    0x08001894   0x08001894   0x00000070   Code   RO          666    i.GNSS_Buff_Parser  gnss.o
    0x08001904   0x08001904   0x00000018   Code   RO          667    i.GNSS_Cmd_Kind_Parser  gnss.o
    0x0800191c   0x0800191c   0x00000200   Code   RO          668    i.GNSS_Cmd_Parser   gnss.o
    0x08001b1c   0x08001b1c   0x00000034   Code   RO         1012    i.GetCompensateParm  nav_task.o
    0x08001b50   0x08001b50   0x00000112   Code   RO         5680    i.GetNavGnssData    inavins.o
    0x08001c62   0x08001c62   0x00000002   PAD
    0x08001c64   0x08001c64   0x00000074   Code   RO         5681    i.GetNavIncData     inavins.o
    0x08001cd8   0x08001cd8   0x00000298   Code   RO         5685    i.GnssInsFusion     inavins.o
    0x08001f70   0x08001f70   0x00000004   Code   RO          374    i.HardFault_Handler  gd32f4xx_it.o
    0x08001f74   0x08001f74   0x0000009c   Code   RO         5686    i.InitEarth         inavins.o
    0x08002010   0x08002010   0x00000038   Code   RO         5687    i.InitHk            inavins.o
    0x08002048   0x08002048   0x00000094   Code   RO         5688    i.InitPQ            inavins.o
    0x080020dc   0x080020dc   0x00000044   Code   RO         1013    i.InitialCompensateParm  nav_task.o
    0x08002120   0x08002120   0x0000004c   Code   RO         5689    i.InitialNavIncParm  inavins.o
    0x0800216c   0x0800216c   0x0000001c   Code   RO         5690    i.InitialStaticDetectParm  inavins.o
    0x08002188   0x08002188   0x00000074   Code   RO         5999    i.InnerDot          matrix.o
    0x080021fc   0x080021fc   0x000002d8   Code   RO         5691    i.InsInit           inavins.o
    0x080024d4   0x080024d4   0x00000568   Code   RO         5692    i.InsUpdate         inavins.o
    0x08002a3c   0x08002a3c   0x0000026c   Code   RO         5693    i.InterfaceKalman   inavins.o
    0x08002ca8   0x08002ca8   0x00000012   Code   RO         5018    i.IsCirQueueEmpty   m_queue.o
    0x08002cba   0x08002cba   0x00000002   PAD
    0x08002cbc   0x08002cbc   0x00000040   Code   RO         1014    i.Kalman_smooth     nav_task.o
    0x08002cfc   0x08002cfc   0x000003b4   Code   RO         5694    i.KfFeedback        inavins.o
    0x080030b0   0x080030b0   0x00000b78   Code   RO         5695    i.KfFk              inavins.o
    0x08003c28   0x08003c28   0x0000076e   Code   RO         5696    i.KfHk              inavins.o
    0x08004396   0x08004396   0x00000002   PAD
    0x08004398   0x08004398   0x000002d0   Code   RO         5697    i.KfInit            inavins.o
    0x08004668   0x08004668   0x000002dc   Code   RO         5698    i.KfMeasUpdate      inavins.o
    0x08004944   0x08004944   0x00000298   Code   RO         5699    i.KfTimeUpdate      inavins.o
    0x08004bdc   0x08004bdc   0x00000084   Code   RO         5700    i.Lever             inavins.o
    0x08004c60   0x08004c60   0x00000368   Code   RO         5701    i.LeverarmTimeCorr  inavins.o
    0x08004fc8   0x08004fc8   0x00000128   Code   RO         5702    i.MatrixRk          inavins.o
    0x080050f0   0x080050f0   0x000000b4   Code   RO         5703    i.MeasResp          inavins.o
    0x080051a4   0x080051a4   0x00000004   Code   RO          375    i.MemManage_Handler  gd32f4xx_it.o
    0x080051a8   0x080051a8   0x00000002   Code   RO          376    i.NMI_Handler       gd32f4xx_it.o
    0x080051aa   0x080051aa   0x00000002   PAD
    0x080051ac   0x080051ac   0x00000028   Code   RO          510    i.NVIC_SetPriority  systick.o
    0x080051d4   0x080051d4   0x00000290   Code   RO         5704    i.PrintOutGNSSMsg   inavins.o
    0x08005464   0x08005464   0x00000298   Code   RO         5705    i.PrintOutInsMsg    inavins.o
    0x080056fc   0x080056fc   0x0000011c   Code   RO         5706    i.PrintOutMatrixMsg  inavins.o
    0x08005818   0x08005818   0x0000027c   Code   RO         1015    i.SaveResult        nav_task.o
    0x08005a94   0x08005a94   0x00000264   Code   RO         5708    i.StartCoarseAlign  inavins.o
    0x08005cf8   0x08005cf8   0x0000000c   Code   RO         5709    i.StopNavigation    inavins.o
    0x08005d04   0x08005d04   0x00000034   Code   RO         7002    i.SysTick_Handler   port.o
    0x08005d38   0x08005d38   0x00000110   Code   RO         1239    i.SystemCoreClockUpdate  system_gd32f4xx.o
    0x08005e48   0x08005e48   0x000000c8   Code   RO         1240    i.SystemInit        system_gd32f4xx.o
    0x08005f10   0x08005f10   0x000000b4   Code   RO         4864    i.TIMER1_IRQHandler  drv_timer.o
    0x08005fc4   0x08005fc4   0x00000050   Code   RO         4865    i.TIMER3_IRQHandler  drv_timer.o
    0x08006014   0x08006014   0x0000007c   Code   RO         4516    i.UART4_IRQHandler  drv_usart.o
    0x08006090   0x08006090   0x0000003e   Code   RO         5254    i.Uart_RecvMsg      uartadapter.o
    0x080060ce   0x080060ce   0x00000002   PAD
    0x080060d0   0x080060d0   0x00000138   Code   RO         5255    i.Uart_RxInit       uartadapter.o
    0x08006208   0x08006208   0x00000026   Code   RO         5256    i.Uart_SendMsg      uartadapter.o
    0x0800622e   0x0800622e   0x00000002   PAD
    0x08006230   0x08006230   0x000000f4   Code   RO         5257    i.Uart_TxInit       uartadapter.o
    0x08006324   0x08006324   0x0000044c   Code   RO         5710    i.UpdateEarth       inavins.o
    0x08006770   0x08006770   0x000003f8   Code   RO         5711    i.UpdateKfR         inavins.o
    0x08006b68   0x08006b68   0x00000090   Code   RO         5712    i.UpdateKfRHuge     inavins.o
    0x08006bf8   0x08006bf8   0x0000040c   Code   RO         6000    i.UpdateQnb         matrix.o
    0x08007004   0x08007004   0x00000004   Code   RO          380    i.UsageFault_Handler  gd32f4xx_it.o
    0x08007008   0x08007008   0x0000005a   Code   RO         4777    i.WeekYearday       drv_rtc.o
    0x08007062   0x08007062   0x00000002   PAD
    0x08007064   0x08007064   0x00000020   Code   RO         7541    i.__0printf         mc_w.l(printfa.o)
    0x08007084   0x08007084   0x00000028   Code   RO         7543    i.__0sprintf        mc_w.l(printfa.o)
    0x080070ac   0x080070ac   0x0000002c   Code   RO         7546    i.__0vsnprintf      mc_w.l(printfa.o)
    0x080070d8   0x080070d8   0x00000030   Code   RO         7662    i.__ARM_fpclassify  m_wm.l(fpclassify.o)
    0x08007108   0x08007108   0x00000008   Code   RO         7705    i.__aeabi_errno_addr  mc_w.l(errno.o)
    0x08007110   0x08007110   0x00000360   Code   RO         7133    i.__hardfp_asin     m_wm.l(asin.o)
    0x08007470   0x08007470   0x000002d8   Code   RO         7631    i.__hardfp_atan     m_wm.l(atan.o)
    0x08007748   0x08007748   0x000001f0   Code   RO         7147    i.__hardfp_atan2    m_wm.l(atan2.o)
    0x08007938   0x08007938   0x00000038   Code   RO         7159    i.__hardfp_atof     m_wm.l(atof.o)
    0x08007970   0x08007970   0x000000c8   Code   RO         7165    i.__hardfp_cos      m_wm.l(cos.o)
    0x08007a38   0x08007a38   0x00000358   Code   RO         7177    i.__hardfp_exp      m_wm.l(exp.o)
    0x08007d90   0x08007d90   0x00000014   Code   RO         7191    i.__hardfp_fabs     m_wm.l(fabs.o)
    0x08007da4   0x08007da4   0x00000004   PAD
    0x08007da8   0x08007da8   0x00000118   Code   RO         7197    i.__hardfp_floor    m_wm.l(floor.o)
    0x08007ec0   0x08007ec0   0x000003c4   Code   RO         7215    i.__hardfp_log      m_wm.l(log.o)
    0x08008284   0x08008284   0x00000004   PAD
    0x08008288   0x08008288   0x000000c8   Code   RO         7243    i.__hardfp_sin      m_wm.l(sin.o)
    0x08008350   0x08008350   0x0000007a   Code   RO         7255    i.__hardfp_sqrt     m_wm.l(sqrt.o)
    0x080083ca   0x080083ca   0x00000006   PAD
    0x080083d0   0x080083d0   0x00000028   Code   RO         7267    i.__hardfp_strtod   m_wm.l(strtod.o)
    0x080083f8   0x080083f8   0x00000438   Code   RO         7667    i.__ieee754_rem_pio2  m_wm.l(rred.o)
    0x08008830   0x08008830   0x00000170   Code   RO         7645    i.__kernel_cos      m_wm.l(cos_i.o)
    0x080089a0   0x080089a0   0x000000f8   Code   RO         7664    i.__kernel_poly     m_wm.l(poly.o)
    0x08008a98   0x08008a98   0x00000130   Code   RO         7672    i.__kernel_sin      m_wm.l(sin_i.o)
    0x08008bc8   0x08008bc8   0x00000030   Code   RO         7648    i.__mathlib_dbl_divzero  m_wm.l(dunder.o)
    0x08008bf8   0x08008bf8   0x00000014   Code   RO         7649    i.__mathlib_dbl_infnan  m_wm.l(dunder.o)
    0x08008c0c   0x08008c0c   0x00000014   Code   RO         7650    i.__mathlib_dbl_infnan2  m_wm.l(dunder.o)
    0x08008c20   0x08008c20   0x00000020   Code   RO         7651    i.__mathlib_dbl_invalid  m_wm.l(dunder.o)
    0x08008c40   0x08008c40   0x00000020   Code   RO         7652    i.__mathlib_dbl_overflow  m_wm.l(dunder.o)
    0x08008c60   0x08008c60   0x00000020   Code   RO         7654    i.__mathlib_dbl_underflow  m_wm.l(dunder.o)
    0x08008c80   0x08008c80   0x0000000c   Code   RO         7706    i.__read_errno      mc_w.l(errno.o)
    0x08008c8c   0x08008c8c   0x0000000e   Code   RO         7778    i.__scatterload_copy  mc_w.l(handlers.o)
    0x08008c9a   0x08008c9a   0x00000002   Code   RO         7779    i.__scatterload_null  mc_w.l(handlers.o)
    0x08008c9c   0x08008c9c   0x0000000e   Code   RO         7780    i.__scatterload_zeroinit  mc_w.l(handlers.o)
    0x08008caa   0x08008caa   0x00000002   PAD
    0x08008cac   0x08008cac   0x0000000c   Code   RO         7707    i.__set_errno       mc_w.l(errno.o)
    0x08008cb8   0x08008cb8   0x00000184   Code   RO         7548    i._fp_digits        mc_w.l(printfa.o)
    0x08008e3c   0x08008e3c   0x0000000e   Code   RO         7601    i._is_digit         mc_w.l(scanf_fp.o)
    0x08008e4a   0x08008e4a   0x00000002   PAD
    0x08008e4c   0x08008e4c   0x000006dc   Code   RO         7549    i._printf_core      mc_w.l(printfa.o)
    0x08009528   0x08009528   0x00000024   Code   RO         7550    i._printf_post_padding  mc_w.l(printfa.o)
    0x0800954c   0x0800954c   0x0000002e   Code   RO         7551    i._printf_pre_padding  mc_w.l(printfa.o)
    0x0800957a   0x0800957a   0x00000016   Code   RO         7552    i._snputc           mc_w.l(printfa.o)
    0x08009590   0x08009590   0x0000000a   Code   RO         7553    i._sputc            mc_w.l(printfa.o)
    0x0800959a   0x0800959a   0x00000002   PAD
    0x0800959c   0x0800959c   0x00000048   Code   RO            5    i.adjust_rtc        main.o
    0x080095e4   0x080095e4   0x00000014   Code   RO            6    i.arm_syn_int_hdr   main.o
    0x080095f8   0x080095f8   0x00000088   Code   RO         6001    i.askew             matrix.o
    0x08009680   0x08009680   0x00000010   Code   RO         7633    i.atan              m_wm.l(atan.o)
    0x08009690   0x08009690   0x000002c0   Code   RO         6002    i.att2qnb           matrix.o
    0x08009950   0x08009950   0x00000068   Code   RO         5713    i.average           inavins.o
    0x080099b8   0x080099b8   0x00000020   Code   RO         4356    i.bit2bitno         drv_gpio.o
    0x080099d8   0x080099d8   0x0000004a   Code   RO         4671    i.bxcan_format_data  drv_can.o
    0x08009a22   0x08009a22   0x00000002   PAD
    0x08009a24   0x08009a24   0x00000088   Code   RO         4677    i.bxcan_send_data   drv_can.o
    0x08009aac   0x08009aac   0x0000000c   Code   RO         1289    i.can_error_get     gd32f4xx_can.o
    0x08009ab8   0x08009ab8   0x00000008   Code   RO         1296    i.can_interrupt_enable  gd32f4xx_can.o
    0x08009ac0   0x08009ac0   0x00000010   Code   RO         1297    i.can_interrupt_flag_clear  gd32f4xx_can.o
    0x08009ad0   0x08009ad0   0x00000074   Code   RO         1298    i.can_interrupt_flag_get  gd32f4xx_can.o
    0x08009b44   0x08009b44   0x000000e4   Code   RO         1299    i.can_message_receive  gd32f4xx_can.o
    0x08009c28   0x08009c28   0x00000150   Code   RO         1300    i.can_message_transmit  gd32f4xx_can.o
    0x08009d78   0x08009d78   0x0000001a   Code   RO         1302    i.can_receive_message_length_get  gd32f4xx_can.o
    0x08009d92   0x08009d92   0x00000032   Code   RO          909    i.comm_send_end_frame  computerframeparse.o
    0x08009dc4   0x08009dc4   0x000000f8   Code   RO         5715    i.compute_var       inavins.o
    0x08009ebc   0x08009ebc   0x00000126   Code   RO         6003    i.cross3            matrix.o
    0x08009fe2   0x08009fe2   0x00000002   PAD
    0x08009fe4   0x08009fe4   0x00000020   Code   RO         1460    i.dbg_periph_enable  gd32f4xx_dbg.o
    0x0800a004   0x0800a004   0x000000b0   Code   RO         5716    i.difftimeInc2gnss  inavins.o
    0x0800a0b4   0x0800a0b4   0x00000020   Code   RO         1517    i.dma_channel_disable  gd32f4xx_dma.o
    0x0800a0d4   0x0800a0d4   0x00000020   Code   RO         1518    i.dma_channel_enable  gd32f4xx_dma.o
    0x0800a0f4   0x0800a0f4   0x00000026   Code   RO         1519    i.dma_channel_subperipheral_select  gd32f4xx_dma.o
    0x0800a11a   0x0800a11a   0x00000020   Code   RO         1520    i.dma_circulation_disable  gd32f4xx_dma.o
    0x0800a13a   0x0800a13a   0x00000002   PAD
    0x0800a13c   0x0800a13c   0x000000cc   Code   RO         4517    i.dma_config        drv_usart.o
    0x0800a208   0x0800a208   0x000000a4   Code   RO         1522    i.dma_deinit        gd32f4xx_dma.o
    0x0800a2ac   0x0800a2ac   0x0000003e   Code   RO         1524    i.dma_flag_clear    gd32f4xx_dma.o
    0x0800a2ea   0x0800a2ea   0x0000003e   Code   RO         1528    i.dma_interrupt_enable  gd32f4xx_dma.o
    0x0800a328   0x0800a328   0x0000003e   Code   RO         1529    i.dma_interrupt_flag_clear  gd32f4xx_dma.o
    0x0800a366   0x0800a366   0x00000204   Code   RO         1530    i.dma_interrupt_flag_get  gd32f4xx_dma.o
    0x0800a56a   0x0800a56a   0x0000000e   Code   RO         4518    i.dma_nvic_config   drv_usart.o
    0x0800a578   0x0800a578   0x00000158   Code   RO         1542    i.dma_single_data_mode_init  gd32f4xx_dma.o
    0x0800a6d0   0x0800a6d0   0x00000022   Code   RO         1543    i.dma_single_data_para_struct_init  gd32f4xx_dma.o
    0x0800a6f2   0x0800a6f2   0x00000010   Code   RO         1547    i.dma_transfer_number_config  gd32f4xx_dma.o
    0x0800a702   0x0800a702   0x00000010   Code   RO         1548    i.dma_transfer_number_get  gd32f4xx_dma.o
    0x0800a712   0x0800a712   0x00000002   PAD
    0x0800a714   0x0800a714   0x00000168   Code   RO         5345    i.epoch2time        time_unify.o
    0x0800a87c   0x0800a87c   0x00000016   Code   RO         1745    i.exmc_norsram_enable  gd32f4xx_exmc.o
    0x0800a892   0x0800a892   0x00000002   PAD
    0x0800a894   0x0800a894   0x000000e4   Code   RO         1746    i.exmc_norsram_init  gd32f4xx_exmc.o
    0x0800a978   0x0800a978   0x00000184   Code   RO         4912    i.exmc_sram_init    exmc_sram.o
    0x0800aafc   0x0800aafc   0x000000bc   Code   RO         2018    i.exti_init         gd32f4xx_exti.o
    0x0800abb8   0x0800abb8   0x0000000c   Code   RO         2021    i.exti_interrupt_flag_clear  gd32f4xx_exti.o
    0x0800abc4   0x0800abc4   0x00000024   Code   RO         2022    i.exti_interrupt_flag_get  gd32f4xx_exti.o
    0x0800abe8   0x0800abe8   0x00000078   Code   RO         6004    i.eyes              matrix.o
    0x0800ac60   0x0800ac60   0x00000018   Code   RO         7193    i.fabs              m_wm.l(fabs.o)
    0x0800ac78   0x0800ac78   0x00000020   Code   RO            7    i.fpga_int_hdr      main.o
    0x0800ac98   0x0800ac98   0x00000024   Code   RO            8    i.fputc             main.o
    0x0800acbc   0x0800acbc   0x0000036c   Code   RO          910    i.frameParse        computerframeparse.o
    0x0800b028   0x0800b028   0x000002ec   Code   RO          556    i.frame_fill_imu    frame_analysis.o
    0x0800b314   0x0800b314   0x00000010   Code   RO          557    i.frame_init        frame_analysis.o
    0x0800b324   0x0800b324   0x00000774   Code   RO          558    i.frame_pack_and_send  frame_analysis.o
    0x0800ba98   0x0800ba98   0x00000050   Code   RO         7569    i.free              mc_w.l(malloc.o)
    0x0800bae8   0x0800bae8   0x0000001c   Code   RO         4519    i.gd32_hw_usart_init  drv_usart.o
    0x0800bb04   0x0800bb04   0x000000c8   Code   RO         4357    i.gd32_pin_attach_irq  drv_gpio.o
    0x0800bbcc   0x0800bbcc   0x000000f4   Code   RO         4359    i.gd32_pin_irq_enable  drv_gpio.o
    0x0800bcc0   0x0800bcc0   0x000000c2   Code   RO         4360    i.gd32_pin_mode     drv_gpio.o
    0x0800bd82   0x0800bd82   0x00000008   Code   RO         4866    i.gd32_timer_init   drv_timer.o
    0x0800bd8a   0x0800bd8a   0x00000002   PAD
    0x0800bd8c   0x0800bd8c   0x00000090   Code   RO         4520    i.gd32_usart_configure  drv_usart.o
    0x0800be1c   0x0800be1c   0x00000060   Code   RO         4521    i.gd32_usart_control  drv_usart.o
    0x0800be7c   0x0800be7c   0x00000014   Code   RO         4522    i.gd32_usart_dma_init  drv_usart.o
    0x0800be90   0x0800be90   0x00000020   Code   RO         4523    i.gd32_usart_getc   drv_usart.o
    0x0800beb0   0x0800beb0   0x00000022   Code   RO         4524    i.gd32_usart_putc   drv_usart.o
    0x0800bed2   0x0800bed2   0x00000042   Code   RO         4526    i.gd32_usart_set_baud  drv_usart.o
    0x0800bf14   0x0800bf14   0x00000010   Code   RO         4527    i.gd32_usart_write  drv_usart.o
    0x0800bf24   0x0800bf24   0x00000020   Code   RO         4363    i.get_pin           drv_gpio.o
    0x0800bf44   0x0800bf44   0x000000b8   Code   RO         1120    i.gnssTask_init     gnsstask.o
    0x0800bffc   0x0800bffc   0x000003c0   Code   RO          669    i.gnss_AGRIC_Buff_Parser  gnss.o
    0x0800c3bc   0x0800c3bc   0x00000204   Code   RO          670    i.gnss_BESTPOS_Buff_Parser  gnss.o
    0x0800c5c0   0x0800c5c0   0x00000198   Code   RO          671    i.gnss_BESTVEL_Buff_Parser  gnss.o
    0x0800c758   0x0800c758   0x000001a0   Code   RO          672    i.gnss_Fetch_Data   gnss.o
    0x0800c8f8   0x0800c8f8   0x0000013c   Code   RO          673    i.gnss_GGA_Buff_Parser  gnss.o
    0x0800ca34   0x0800ca34   0x000001f8   Code   RO          674    i.gnss_Heading_Buff_Parser  gnss.o
    0x0800cc2c   0x0800cc2c   0x000001b8   Code   RO          675    i.gnss_RMC_Buff_Parser  gnss.o
    0x0800cde4   0x0800cde4   0x000000d0   Code   RO          676    i.gnss_TRA_Buff_Parser  gnss.o
    0x0800ceb4   0x0800ceb4   0x000000d8   Code   RO          677    i.gnss_VTG_Buff_Parser  gnss.o
    0x0800cf8c   0x0800cf8c   0x000001f4   Code   RO          678    i.gnss_ZDA_Buff_Parser  gnss.o
    0x0800d180   0x0800d180   0x00000118   Code   RO         1121    i.gnss_comm2_parse  gnsstask.o
    0x0800d298   0x0800d298   0x00000058   Code   RO         1122    i.gnss_comm2_rx     gnsstask.o
    0x0800d2f0   0x0800d2f0   0x00000040   Code   RO         1123    i.gnss_comm2_task   gnsstask.o
    0x0800d330   0x0800d330   0x00000188   Code   RO         1124    i.gnss_comm3_parse  gnsstask.o
    0x0800d4b8   0x0800d4b8   0x00000058   Code   RO         1125    i.gnss_comm3_rx     gnsstask.o
    0x0800d510   0x0800d510   0x00000038   Code   RO         1126    i.gnss_comm3_task   gnsstask.o
    0x0800d548   0x0800d548   0x0000002c   Code   RO          681    i.gnss_fill_data    gnss.o
    0x0800d574   0x0800d574   0x00000008   Code   RO          682    i.gnss_get_algorithm_dataPtr  gnss.o
    0x0800d57c   0x0800d57c   0x00000030   Code   RO          683    i.gnss_gprmcIsLocation  gnss.o
    0x0800d5ac   0x0800d5ac   0x00000018   Code   RO         1016    i.gnss_notify       nav_task.o
    0x0800d5c4   0x0800d5c4   0x0000009c   Code   RO          685    i.gnss_parse        gnss.o
    0x0800d660   0x0800d660   0x00000088   Code   RO          695    i.gnss_set_leverArm  gnss.o
    0x0800d6e8   0x0800d6e8   0x00000060   Code   RO         1127    i.gnss_task_create  gnsstask.o
    0x0800d748   0x0800d748   0x00000020   Code   RO          698    i.gnss_time_is_valid  gnss.o
    0x0800d768   0x0800d768   0x0000005e   Code   RO         2099    i.gpio_af_set       gd32f4xx_gpio.o
    0x0800d7c6   0x0800d7c6   0x00000002   PAD
    0x0800d7c8   0x0800d7c8   0x00000058   Code   RO         4528    i.gpio_configuration  drv_usart.o
    0x0800d820   0x0800d820   0x00000048   Code   RO           10    i.gpio_init         main.o
    0x0800d868   0x0800d868   0x0000004e   Code   RO         2107    i.gpio_mode_set     gd32f4xx_gpio.o
    0x0800d8b6   0x0800d8b6   0x00000042   Code   RO         2109    i.gpio_output_options_set  gd32f4xx_gpio.o
    0x0800d8f8   0x0800d8f8   0x0000000c   Code   RO         5491    i.hex2Float         data_convert.o
    0x0800d904   0x0800d904   0x00000032   Code   RO         4940    i.hw_serial_register  serial.o
    0x0800d936   0x0800d936   0x00000002   PAD
    0x0800d938   0x0800d938   0x00000034   Code   RO         1193    i.imuTask_init      imutask.o
    0x0800d96c   0x0800d96c   0x00000050   Code   RO         1194    i.imu_comm5_rx      imutask.o
    0x0800d9bc   0x0800d9bc   0x00000054   Code   RO         1195    i.imu_comm5_task    imutask.o
    0x0800da10   0x0800da10   0x00000018   Code   RO         1017    i.imu_notify        nav_task.o
    0x0800da28   0x0800da28   0x00000034   Code   RO         1196    i.imu_task_create   imutask.o
    0x0800da5c   0x0800da5c   0x0000001e   Code   RO         5950    i.inav_datetime_get  inavlog.o
    0x0800da7a   0x0800da7a   0x00000002   PAD
    0x0800da7c   0x0800da7c   0x00000164   Code   RO         5952    i.inav_log          inavlog.o
    0x0800dbe0   0x0800dbe0   0x000000d8   Code   RO         4941    i.ins_serial_open   serial.o
    0x0800dcb8   0x0800dcb8   0x0000014c   Code   RO         6005    i.lubksb            matrix.o
    0x0800de04   0x0800de04   0x00000348   Code   RO         6006    i.ludcmp            matrix.o
    0x0800e14c   0x0800e14c   0x0000007c   Code   RO           11    i.main              main.o
    0x0800e1c8   0x0800e1c8   0x0000006c   Code   RO         7570    i.malloc            mc_w.l(malloc.o)
    0x0800e234   0x0800e234   0x0000001e   Code   RO         6008    i.matcpy            matrix.o
    0x0800e252   0x0800e252   0x00000002   PAD
    0x0800e254   0x0800e254   0x000000c4   Code   RO         6009    i.matinv            matrix.o
    0x0800e318   0x0800e318   0x00000258   Code   RO         6010    i.matmul            matrix.o
    0x0800e570   0x0800e570   0x00000086   Code   RO         6011    i.matrixSum         matrix.o
    0x0800e5f6   0x0800e5f6   0x00000002   PAD
    0x0800e5f8   0x0800e5f8   0x00000030   Code   RO         1018    i.nav_gnss_task     nav_task.o
    0x0800e628   0x0800e628   0x00000040   Code   RO         1019    i.nav_imu_task      nav_task.o
    0x0800e668   0x0800e668   0x0000005c   Code   RO         1020    i.nav_task_create   nav_task.o
    0x0800e6c4   0x0800e6c4   0x00000026   Code   RO         6012    i.norm              matrix.o
    0x0800e6ea   0x0800e6ea   0x00000002   PAD
    0x0800e6ec   0x0800e6ec   0x00000018   Code   RO         2203    i.nvic_irq_disable  gd32f4xx_misc.o
    0x0800e704   0x0800e704   0x000000c4   Code   RO         2204    i.nvic_irq_enable   gd32f4xx_misc.o
    0x0800e7c8   0x0800e7c8   0x00000014   Code   RO         2205    i.nvic_priority_group_set  gd32f4xx_misc.o
    0x0800e7dc   0x0800e7dc   0x000000e8   Code   RO           12    i.peripherals_init  main.o
    0x0800e8c4   0x0800e8c4   0x00000034   Code   RO         4364    i.pin_irq_install   drv_gpio.o
    0x0800e8f8   0x0800e8f8   0x00000014   Code   RO         2261    i.pmu_backup_write_enable  gd32f4xx_pmu.o
    0x0800e90c   0x0800e90c   0x00000098   Code   RO         6520    i.prvAddCurrentTaskToDelayedList  tasks.o
    0x0800e9a4   0x0800e9a4   0x000000b4   Code   RO         6521    i.prvAddNewTaskToReadyList  tasks.o
    0x0800ea58   0x0800ea58   0x00000064   Code   RO         6856    i.prvCheckForValidListAndQueue  timers.o
    0x0800eabc   0x0800eabc   0x00000048   Code   RO         6522    i.prvCheckTasksWaitingTermination  tasks.o
    0x0800eb04   0x0800eb04   0x0000002a   Code   RO         6289    i.prvCopyDataFromQueue  queue.o
    0x0800eb2e   0x0800eb2e   0x0000007e   Code   RO         6290    i.prvCopyDataToQueue  queue.o
    0x0800ebac   0x0800ebac   0x00000012   Code   RO         6523    i.prvDeleteTCB      tasks.o
    0x0800ebbe   0x0800ebbe   0x00000014   Code   RO         6291    i.prvGetDisinheritPriorityAfterTimeout  queue.o
    0x0800ebd2   0x0800ebd2   0x00000002   PAD
    0x0800ebd4   0x0800ebd4   0x00000028   Code   RO         6857    i.prvGetNextExpireTime  timers.o
    0x0800ebfc   0x0800ebfc   0x0000007c   Code   RO         7078    i.prvHeapInit       heap_4.o
    0x0800ec78   0x0800ec78   0x0000000c   Code   RO         6524    i.prvIdleTask       tasks.o
    0x0800ec84   0x0800ec84   0x0000002a   Code   RO         6293    i.prvInitialiseNewQueue  queue.o
    0x0800ecae   0x0800ecae   0x000000b4   Code   RO         6525    i.prvInitialiseNewTask  tasks.o
    0x0800ed62   0x0800ed62   0x00000002   PAD
    0x0800ed64   0x0800ed64   0x00000068   Code   RO         6526    i.prvInitialiseTaskLists  tasks.o
    0x0800edcc   0x0800edcc   0x00000068   Code   RO         7079    i.prvInsertBlockIntoFreeList  heap_4.o
    0x0800ee34   0x0800ee34   0x00000058   Code   RO         6859    i.prvInsertTimerInActiveList  timers.o
    0x0800ee8c   0x0800ee8c   0x0000001a   Code   RO         6294    i.prvIsQueueEmpty   queue.o
    0x0800eea6   0x0800eea6   0x0000001e   Code   RO         6295    i.prvIsQueueFull    queue.o
    0x0800eec4   0x0800eec4   0x0000008a   Code   RO         6296    i.prvNotifyQueueSetContainer  queue.o
    0x0800ef4e   0x0800ef4e   0x00000002   PAD
    0x0800ef50   0x0800ef50   0x00000074   Code   RO         6860    i.prvProcessExpiredTimer  timers.o
    0x0800efc4   0x0800efc4   0x00000164   Code   RO         6861    i.prvProcessReceivedCommands  timers.o
    0x0800f128   0x0800f128   0x00000074   Code   RO         6862    i.prvProcessTimerOrBlockTask  timers.o
    0x0800f19c   0x0800f19c   0x00000034   Code   RO         6527    i.prvResetNextTaskUnblockTime  tasks.o
    0x0800f1d0   0x0800f1d0   0x0000002c   Code   RO         6863    i.prvSampleTimeNow  timers.o
    0x0800f1fc   0x0800f1fc   0x00000018   Code   RO           13    i.prvSetupHardware  main.o
    0x0800f214   0x0800f214   0x000000a4   Code   RO         6864    i.prvSwitchTimerLists  timers.o
    0x0800f2b8   0x0800f2b8   0x00000040   Code   RO         7003    i.prvTaskExitError  port.o
    0x0800f2f8   0x0800f2f8   0x0000001a   Code   RO         6865    i.prvTimerTask      timers.o
    0x0800f312   0x0800f312   0x00000090   Code   RO         6297    i.prvUnlockQueue    queue.o
    0x0800f3a2   0x0800f3a2   0x00000002   PAD
    0x0800f3a4   0x0800f3a4   0x00000154   Code   RO         7080    i.pvPortMalloc      heap_4.o
    0x0800f4f8   0x0800f4f8   0x00000020   Code   RO         6530    i.pvTaskIncrementMutexHeldCount  tasks.o
    0x0800f518   0x0800f518   0x0000002c   Code   RO         7004    i.pxPortInitialiseStack  port.o
    0x0800f544   0x0800f544   0x00000354   Code   RO         6014    i.q2mat             matrix.o
    0x0800f898   0x0800f898   0x00000074   Code   RO         6015    i.qdelphi           matrix.o
    0x0800f90c   0x0800f90c   0x0000046e   Code   RO         6016    i.qmulv             matrix.o
    0x0800fd7a   0x0800fd7a   0x00000002   PAD
    0x0800fd7c   0x0800fd7c   0x000003c0   Code   RO         6017    i.qnb2att           matrix.o
    0x0801013c   0x0801013c   0x00000322   Code   RO         6018    i.qnbmul            matrix.o
    0x0801045e   0x0801045e   0x0000001c   Code   RO         4529    i.rcc_configuration  drv_usart.o
    0x0801047a   0x0801047a   0x00000002   PAD
    0x0801047c   0x0801047c   0x00000124   Code   RO         2409    i.rcu_clock_freq_get  gd32f4xx_rcu.o
    0x080105a0   0x080105a0   0x00000024   Code   RO         2412    i.rcu_flag_get      gd32f4xx_rcu.o
    0x080105c4   0x080105c4   0x00000024   Code   RO         2425    i.rcu_osci_on       gd32f4xx_rcu.o
    0x080105e8   0x080105e8   0x0000015c   Code   RO         2426    i.rcu_osci_stab_wait  gd32f4xx_rcu.o
    0x08010744   0x08010744   0x00000024   Code   RO         2428    i.rcu_periph_clock_enable  gd32f4xx_rcu.o
    0x08010768   0x08010768   0x00000024   Code   RO         2431    i.rcu_periph_reset_disable  gd32f4xx_rcu.o
    0x0801078c   0x0801078c   0x00000024   Code   RO         2432    i.rcu_periph_reset_enable  gd32f4xx_rcu.o
    0x080107b0   0x080107b0   0x00000018   Code   RO         2437    i.rcu_rtc_clock_config  gd32f4xx_rcu.o
    0x080107c8   0x080107c8   0x00000024   Code   RO         2444    i.rcu_timer_clock_prescaler_config  gd32f4xx_rcu.o
    0x080107ec   0x080107ec   0x000006e0   Code   RO         6019    i.rotv              matrix.o
    0x08010ecc   0x08010ecc   0x00000034   Code   RO          912    i.rs422_comm1_init  computerframeparse.o
    0x08010f00   0x08010f00   0x00000058   Code   RO          913    i.rs422_comm1_rx    computerframeparse.o
    0x08010f58   0x08010f58   0x00000054   Code   RO          914    i.rs422_comm1_task  computerframeparse.o
    0x08010fac   0x08010fac   0x00000030   Code   RO          915    i.rs422_task_create  computerframeparse.o
    0x08010fdc   0x08010fdc   0x0000002c   Code   RO         4780    i.rtc_configuration  drv_rtc.o
    0x08011008   0x08011008   0x00000064   Code   RO         3809    i.rtc_current_time_get  gd32f4xx_rtc.o
    0x0801106c   0x0801106c   0x00000120   Code   RO         4781    i.rtc_gnss_adjust_time  drv_rtc.o
    0x0801118c   0x0801118c   0x000000c4   Code   RO         3814    i.rtc_init          gd32f4xx_rtc.o
    0x08011250   0x08011250   0x00000048   Code   RO         3815    i.rtc_init_mode_enter  gd32f4xx_rtc.o
    0x08011298   0x08011298   0x00000014   Code   RO         3816    i.rtc_init_mode_exit  gd32f4xx_rtc.o
    0x080112ac   0x080112ac   0x00000040   Code   RO         4782    i.rtc_pre_config    drv_rtc.o
    0x080112ec   0x080112ec   0x00000060   Code   RO         3821    i.rtc_register_sync_wait  gd32f4xx_rtc.o
    0x0801134c   0x0801134c   0x00000058   Code   RO         4783    i.rtc_setup         drv_rtc.o
    0x080113a4   0x080113a4   0x000000d0   Code   RO         4784    i.rtc_show_time     drv_rtc.o
    0x08011474   0x08011474   0x00000014   Code   RO         3824    i.rtc_subsecond_get  gd32f4xx_rtc.o
    0x08011488   0x08011488   0x00000174   Code   RO         4786    i.rtc_update        drv_rtc.o
    0x080115fc   0x080115fc   0x0000019c   Code   RO         6020    i.rv2q              matrix.o
    0x08011798   0x08011798   0x0000006e   Code   RO         7257    i.sqrt              m_wm.l(sqrt.o)
    0x08011806   0x08011806   0x00000002   PAD
    0x08011808   0x08011808   0x0000002c   Code   RO           14    i.start_task        main.o
    0x08011834   0x08011834   0x00000144   Code   RO         5717    i.static_detection  inavins.o
    0x08011978   0x08011978   0x0000012c   Code   RO         5350    i.str2time          time_unify.o
    0x08011aa4   0x08011aa4   0x00000020   Code   RO          560    i.sum_check         frame_analysis.o
    0x08011ac4   0x08011ac4   0x0000008c   Code   RO         6021    i.symmetry          matrix.o
    0x08011b50   0x08011b50   0x000000ac   Code   RO         2949    i.syscfg_exti_line_config  gd32f4xx_syscfg.o
    0x08011bfc   0x08011bfc   0x000000fc   Code   RO         1241    i.system_clock_200m_25m_hxtal  system_gd32f4xx.o
    0x08011cf8   0x08011cf8   0x00000008   Code   RO         1242    i.system_clock_config  system_gd32f4xx.o
    0x08011d00   0x08011d00   0x00000050   Code   RO          513    i.systick_config    systick.o
    0x08011d50   0x08011d50   0x0000005c   Code   RO         5353    i.time2gpst         time_unify.o
    0x08011dac   0x08011dac   0x00000038   Code   RO         4787    i.timeUpdate        drv_rtc.o
    0x08011de4   0x08011de4   0x00000074   Code   RO         4868    i.timer3_init       drv_timer.o
    0x08011e58   0x08011e58   0x0000000a   Code   RO         3007    i.timer_auto_reload_shadow_enable  gd32f4xx_timer.o
    0x08011e62   0x08011e62   0x0000002a   Code   RO         3015    i.timer_channel_capture_value_register_read  gd32f4xx_timer.o
    0x08011e8c   0x08011e8c   0x00000184   Code   RO         3038    i.timer_deinit      gd32f4xx_timer.o
    0x08012010   0x08012010   0x0000000a   Code   RO         3043    i.timer_enable      gd32f4xx_timer.o
    0x0801201a   0x0801201a   0x00000002   PAD
    0x0801201c   0x0801201c   0x00000098   Code   RO         3053    i.timer_init        gd32f4xx_timer.o
    0x080120b4   0x080120b4   0x00000008   Code   RO         3060    i.timer_interrupt_enable  gd32f4xx_timer.o
    0x080120bc   0x080120bc   0x00000006   Code   RO         3061    i.timer_interrupt_flag_clear  gd32f4xx_timer.o
    0x080120c2   0x080120c2   0x00000018   Code   RO         3062    i.timer_interrupt_flag_get  gd32f4xx_timer.o
    0x080120da   0x080120da   0x0000001a   Code   RO         3076    i.timer_update_source_config  gd32f4xx_timer.o
    0x080120f4   0x080120f4   0x00000110   Code   RO         4531    i.uart4_dma_send_data  drv_usart.o
    0x08012204   0x08012204   0x0000005c   Code   RO         4532    i.uart4_rx_finish_irq  drv_usart.o
    0x08012260   0x08012260   0x000000e8   Code   RO         3453    i.usart_baudrate_set  gd32f4xx_usart.o
    0x08012348   0x08012348   0x00000014   Code   RO         3456    i.usart_data_first_config  gd32f4xx_usart.o
    0x0801235c   0x0801235c   0x0000000a   Code   RO         3457    i.usart_data_receive  gd32f4xx_usart.o
    0x08012366   0x08012366   0x00000008   Code   RO         3458    i.usart_data_transmit  gd32f4xx_usart.o
    0x0801236e   0x0801236e   0x00000002   PAD
    0x08012370   0x08012370   0x000000dc   Code   RO         3459    i.usart_deinit      gd32f4xx_usart.o
    0x0801244c   0x0801244c   0x0000000a   Code   RO         3460    i.usart_disable     gd32f4xx_usart.o
    0x08012456   0x08012456   0x00000010   Code   RO         3461    i.usart_dma_receive_config  gd32f4xx_usart.o
    0x08012466   0x08012466   0x00000010   Code   RO         3462    i.usart_dma_transmit_config  gd32f4xx_usart.o
    0x08012476   0x08012476   0x0000000a   Code   RO         3463    i.usart_enable      gd32f4xx_usart.o
    0x08012480   0x08012480   0x0000001a   Code   RO         3464    i.usart_flag_clear  gd32f4xx_usart.o
    0x0801249a   0x0801249a   0x0000001e   Code   RO         3465    i.usart_flag_get    gd32f4xx_usart.o
    0x080124b8   0x080124b8   0x0000001a   Code   RO         3472    i.usart_interrupt_disable  gd32f4xx_usart.o
    0x080124d2   0x080124d2   0x0000001a   Code   RO         3473    i.usart_interrupt_enable  gd32f4xx_usart.o
    0x080124ec   0x080124ec   0x0000001a   Code   RO         3474    i.usart_interrupt_flag_clear  gd32f4xx_usart.o
    0x08012506   0x08012506   0x00000038   Code   RO         3475    i.usart_interrupt_flag_get  gd32f4xx_usart.o
    0x0801253e   0x0801253e   0x00000068   Code   RO         3476    i.usart_invert_config  gd32f4xx_usart.o
    0x080125a6   0x080125a6   0x00000010   Code   RO         3488    i.usart_parity_config  gd32f4xx_usart.o
    0x080125b6   0x080125b6   0x00000010   Code   RO         3490    i.usart_receive_config  gd32f4xx_usart.o
    0x080125c6   0x080125c6   0x00000010   Code   RO         3501    i.usart_stop_bit_set  gd32f4xx_usart.o
    0x080125d6   0x080125d6   0x00000010   Code   RO         3505    i.usart_transmit_config  gd32f4xx_usart.o
    0x080125e6   0x080125e6   0x00000010   Code   RO         3506    i.usart_word_length_set  gd32f4xx_usart.o
    0x080125f6   0x080125f6   0x00000028   Code   RO         6252    i.uxListRemove      list.o
    0x0801261e   0x0801261e   0x0000000c   Code   RO           16    i.vApplicationIdleHook  main.o
    0x0801262a   0x0801262a   0x00000016   Code   RO           17    i.vApplicationMallocFailedHook  main.o
    0x08012640   0x08012640   0x00000016   Code   RO           18    i.vApplicationStackOverflowHook  main.o
    0x08012656   0x08012656   0x0000001a   Code   RO         6253    i.vListInitialise   list.o
    0x08012670   0x08012670   0x00000006   Code   RO         6254    i.vListInitialiseItem  list.o
    0x08012676   0x08012676   0x00000034   Code   RO         6255    i.vListInsert       list.o
    0x080126aa   0x080126aa   0x00000018   Code   RO         6256    i.vListInsertEnd    list.o
    0x080126c2   0x080126c2   0x00000002   PAD
    0x080126c4   0x080126c4   0x00000054   Code   RO         7006    i.vPortEnterCritical  port.o
    0x08012718   0x08012718   0x0000003c   Code   RO         7007    i.vPortExitCritical  port.o
    0x08012754   0x08012754   0x000000a4   Code   RO         7081    i.vPortFree         heap_4.o
    0x080127f8   0x080127f8   0x00000028   Code   RO         7008    i.vPortSetupTimerInterrupt  port.o
    0x08012820   0x08012820   0x00000078   Code   RO         7009    i.vPortValidateInterruptPriority  port.o
    0x08012898   0x08012898   0x0000002c   Code   RO         6301    i.vQueueAddToRegistry  queue.o
    0x080128c4   0x080128c4   0x0000004a   Code   RO         6304    i.vQueueWaitForMessageRestricted  queue.o
    0x0801290e   0x0801290e   0x00000002   PAD
    0x08012910   0x08012910   0x000000f4   Code   RO         6539    i.vTaskDelete       tasks.o
    0x08012a04   0x08012a04   0x00000018   Code   RO         6541    i.vTaskInternalSetTimeOutState  tasks.o
    0x08012a1c   0x08012a1c   0x0000000c   Code   RO         6542    i.vTaskMissedYield  tasks.o
    0x08012a28   0x08012a28   0x00000038   Code   RO         6544    i.vTaskPlaceOnEventList  tasks.o
    0x08012a60   0x08012a60   0x00000040   Code   RO         6545    i.vTaskPlaceOnEventListRestricted  tasks.o
    0x08012aa0   0x08012aa0   0x000000e4   Code   RO         6547    i.vTaskPriorityDisinheritAfterTimeout  tasks.o
    0x08012b84   0x08012b84   0x000000a4   Code   RO         6549    i.vTaskRemoveFromUnorderedEventList  tasks.o
    0x08012c28   0x08012c28   0x00000094   Code   RO         6552    i.vTaskStartScheduler  tasks.o
    0x08012cbc   0x08012cbc   0x00000010   Code   RO         6554    i.vTaskSuspendAll   tasks.o
    0x08012ccc   0x08012ccc   0x000000a8   Code   RO         6555    i.vTaskSwitchContext  tasks.o
    0x08012d74   0x08012d74   0x0000001a   Code   RO         6177    i.xEventGroupCreate  event_groups.o
    0x08012d8e   0x08012d8e   0x000000ce   Code   RO         6179    i.xEventGroupSetBits  event_groups.o
    0x08012e5c   0x08012e5c   0x00000168   Code   RO         7010    i.xPortStartScheduler  port.o
    0x08012fc4   0x08012fc4   0x00000054   Code   RO         6309    i.xQueueGenericCreate  queue.o
    0x08013018   0x08013018   0x00000098   Code   RO         6310    i.xQueueGenericReset  queue.o
    0x080130b0   0x080130b0   0x000001d8   Code   RO         6311    i.xQueueGenericSend  queue.o
    0x08013288   0x08013288   0x00000112   Code   RO         6312    i.xQueueGenericSendFromISR  queue.o
    0x0801339a   0x0801339a   0x000000f4   Code   RO         6313    i.xQueueGiveFromISR  queue.o
    0x0801348e   0x0801348e   0x00000002   PAD
    0x08013490   0x08013490   0x00000168   Code   RO         6319    i.xQueueReceive     queue.o
    0x080135f8   0x080135f8   0x000001b8   Code   RO         6324    i.xQueueSemaphoreTake  queue.o
    0x080137b0   0x080137b0   0x0000008c   Code   RO         6557    i.xTaskCheckForTimeOut  tasks.o
    0x0801383c   0x0801383c   0x00000060   Code   RO         6558    i.xTaskCreate       tasks.o
    0x0801389c   0x0801389c   0x00000128   Code   RO         6559    i.xTaskGenericNotify  tasks.o
    0x080139c4   0x080139c4   0x00000020   Code   RO         6563    i.xTaskGetSchedulerState  tasks.o
    0x080139e4   0x080139e4   0x0000000c   Code   RO         6564    i.xTaskGetTickCount  tasks.o
    0x080139f0   0x080139f0   0x00000148   Code   RO         6566    i.xTaskIncrementTick  tasks.o
    0x08013b38   0x08013b38   0x000000a0   Code   RO         6568    i.xTaskNotifyWait   tasks.o
    0x08013bd8   0x08013bd8   0x000000c8   Code   RO         6569    i.xTaskPriorityDisinherit  tasks.o
    0x08013ca0   0x08013ca0   0x000000b8   Code   RO         6570    i.xTaskPriorityInherit  tasks.o
    0x08013d58   0x08013d58   0x00000098   Code   RO         6571    i.xTaskRemoveFromEventList  tasks.o
    0x08013df0   0x08013df0   0x00000104   Code   RO         6572    i.xTaskResumeAll    tasks.o
    0x08013ef4   0x08013ef4   0x00000054   Code   RO         6871    i.xTimerCreateTimerTask  timers.o
    0x08013f48   0x08013f48   0x00000084   Code   RO         6872    i.xTimerGenericCommand  timers.o
    0x08013fcc   0x08013fcc   0x0000001c   Code   RO          561    i.xor_check         frame_analysis.o
    0x08013fe8   0x08013fe8   0x00000090   Code   RO         6022    i.zeros             matrix.o
    0x08014078   0x08014078   0x00000002   Data   RO           21    .constdata          main.o
    0x0801407a   0x0801407a   0x00000002   PAD
    0x0801407c   0x0801407c   0x000000e8   Data   RO          701    .constdata          gnss.o
    0x08014164   0x08014164   0x00000b60   Data   RO         4365    .constdata          drv_gpio.o
    0x08014cc4   0x08014cc4   0x00000014   Data   RO         4536    .constdata          drv_usart.o
    0x08014cd8   0x08014cd8   0x00000060   Data   RO         5361    .constdata          time_unify.o
    0x08014d38   0x08014d38   0x00000050   Data   RO         7136    .constdata          m_wm.l(asin.o)
    0x08014d88   0x08014d88   0x00000058   Data   RO         7180    .constdata          m_wm.l(exp.o)
    0x08014de0   0x08014de0   0x00000038   Data   RO         7218    .constdata          m_wm.l(log.o)
    0x08014e18   0x08014e18   0x00000098   Data   RO         7634    .constdata          m_wm.l(atan.o)
    0x08014eb0   0x08014eb0   0x00000030   Data   RO         7646    .constdata          m_wm.l(cos_i.o)
    0x08014ee0   0x08014ee0   0x00000008   Data   RO         7666    .constdata          m_wm.l(qnan.o)
    0x08014ee8   0x08014ee8   0x000000c8   Data   RO         7669    .constdata          m_wm.l(rred.o)
    0x08014fb0   0x08014fb0   0x00000028   Data   RO         7673    .constdata          m_wm.l(sin_i.o)
    0x08014fd8   0x08014fd8   0x00000081   Data   RO         7740    .constdata          mc_w.l(ctype_o.o)
    0x08015059   0x08015059   0x00000003   PAD
    0x0801505c   0x0801505c   0x00000004   Data   RO         7741    .constdata          mc_w.l(ctype_o.o)
    0x08015060   0x08015060   0x00000164   Data   RO          702    .conststring        gnss.o
    0x080151c4   0x080151c4   0x00000091   Data   RO         5720    .conststring        inavins.o
    0x08015255   0x08015255   0x00000003   PAD
    0x08015258   0x08015258   0x0000002f   Data   RO         5955    .conststring        inavlog.o
    0x08015287   0x08015287   0x00000001   PAD
    0x08015288   0x08015288   0x00000020   Data   RO         7776    Region$$Table       anon$$obj.o


    Execution Region RW_IRAM1 (Exec base: 0x20000000, Load base: 0x080152a8, Size: 0x00060e90, Max: 0x00070000, ABSOLUTE, COMPRESSED[0x00000110])

    Exec Addr    Load Addr    Size         Type   Attr      Idx    E Section Name        Object

    0x20000000   COMPRESSED   0x000003fe   Data   RW           22    .data               main.o
    0x200003fe   COMPRESSED   0x00000001   Data   RW          563    .data               frame_analysis.o
    0x200003ff   COMPRESSED   0x00000001   PAD
    0x20000400   COMPRESSED   0x0000000d   Data   RW          703    .data               gnss.o
    0x2000040d   COMPRESSED   0x00000003   PAD
    0x20000410   COMPRESSED   0x00000009   Data   RW          918    .data               computerframeparse.o
    0x20000419   COMPRESSED   0x00000003   PAD
    0x2000041c   COMPRESSED   0x0000000d   Data   RW         1022    .data               nav_task.o
    0x20000429   COMPRESSED   0x00000003   PAD
    0x2000042c   COMPRESSED   0x00000020   Data   RW         1129    .data               gnsstask.o
    0x2000044c   COMPRESSED   0x0000000c   Data   RW         1198    .data               imutask.o
    0x20000458   COMPRESSED   0x00000004   Data   RW         1243    .data               system_gd32f4xx.o
    0x2000045c   COMPRESSED   0x00000100   Data   RW         4366    .data               drv_gpio.o
    0x2000055c   COMPRESSED   0x00000038   Data   RW         4537    .data               drv_usart.o
    0x20000594   COMPRESSED   0x00000011   Data   RW         4789    .data               drv_rtc.o
    0x200005a5   COMPRESSED   0x00000003   PAD
    0x200005a8   COMPRESSED   0x00000012   Data   RW         4869    .data               drv_timer.o
    0x200005ba   COMPRESSED   0x00000002   Data   RW         5258    .data               uartadapter.o
    0x200005bc   COMPRESSED   0x00000004   PAD
    0x200005c0   COMPRESSED   0x00000540   Data   RW         5362    .data               time_unify.o
    0x20000b00   COMPRESSED   0x0000001c   Data   RW         5956    .data               inavlog.o
    0x20000b1c   COMPRESSED   0x0000003c   Data   RW         6575    .data               tasks.o
    0x20000b58   COMPRESSED   0x00000014   Data   RW         6880    .data               timers.o
    0x20000b6c   COMPRESSED   0x0000000c   Data   RW         7011    .data               port.o
    0x20000b78   COMPRESSED   0x00000020   Data   RW         7087    .data               heap_4.o
    0x20000b98   COMPRESSED   0x00000004   Data   RW         7299    .data               mc_w.l(strtok.o)
    0x20000b9c   COMPRESSED   0x00000004   Data   RW         7692    .data               mc_w.l(stdout.o)
    0x20000ba0   COMPRESSED   0x00000004   Data   RW         7703    .data               mc_w.l(mvars.o)
    0x20000ba4   COMPRESSED   0x00000004   Data   RW         7704    .data               mc_w.l(mvars.o)
    0x20000ba8   COMPRESSED   0x00000004   Data   RW         7708    .data               mc_w.l(errno.o)
    0x20000bac   COMPRESSED   0x00000004   PAD
    0x20000bb0        -       0x000003f8   Zero   RW           20    .bss                main.o
    0x20000fa8        -       0x000000d3   Zero   RW          562    .bss                frame_analysis.o
    0x2000107b   COMPRESSED   0x00000005   PAD
    0x20001080        -       0x00000368   Zero   RW          700    .bss                gnss.o
    0x200013e8        -       0x0000021e   Zero   RW          917    .bss                computerframeparse.o
    0x20001606   COMPRESSED   0x00000002   PAD
    0x20001608        -       0x00000220   Zero   RW         1021    .bss                nav_task.o
    0x20001828        -       0x00001000   Zero   RW         1128    .bss                gnsstask.o
    0x20002828        -       0x00000064   Zero   RW         1197    .bss                imutask.o
    0x2000288c        -       0x00000659   Zero   RW         4535    .bss                drv_usart.o
    0x20002ee5   COMPRESSED   0x00000003   PAD
    0x20002ee8        -       0x00000070   Zero   RW         4788    .bss                drv_rtc.o
    0x20002f58        -       0x00000098   Zero   RW         5655    .bss                inavgnss.o
    0x20002ff0        -       0x000026c8   Zero   RW         5718    .bss                inavins.o
    0x200056b8        -       0x00001000   Zero   RW         5954    .bss                inavlog.o
    0x200066b8        -       0x000011dc   Zero   RW         6023    .bss                matrix.o
    0x20007894        -       0x00000040   Zero   RW         6326    .bss                queue.o
    0x200078d4        -       0x00000190   Zero   RW         6574    .bss                tasks.o
    0x20007a64        -       0x00000028   Zero   RW         6879    .bss                timers.o
    0x20007a8c        -       0x00019000   Zero   RW         7086    .bss                heap_4.o
    0x20020a8c   COMPRESSED   0x00000004   PAD
    0x20020a90        -       0x00040000   Zero   RW         1277    HEAP                startup_gd32f450_470.o
    0x20060a90        -       0x00000400   Zero   RW         1276    STACK               startup_gd32f450_470.o


==============================================================================

Image component sizes


      Code (inc. data)   RO Data    RW Data    ZI Data      Debug   Object Name

      1198        100          0          9        542       8842   computerframeparse.o
        12          0          0          0          0       1100   data_convert.o
        48          0          0          0          0       1164   dramadapter.o
       376         22          0          0          0       6159   drv_can.o
       942         28       2912        256          0      10285   drv_gpio.o
      1210        166          0         17        112       7158   drv_rtc.o
       384         42          0         18          0       3124   drv_timer.o
      1442        102         20         56       1625      40628   drv_usart.o
       232          0          0          0          0      11417   event_groups.o
       388         16          0          0          0       1165   exmc_sram.o
        26          0          0          0          0        927   fmcadapter.o
      2732        154          0          1        211      23428   frame_analysis.o
       742         12          0          0          0       6033   gd32f4xx_can.o
        32          4          0          0          0        640   gd32f4xx_dbg.o
      1410          4          0          0          0      10615   gd32f4xx_dma.o
       250          4          0          0          0       4458   gd32f4xx_exmc.o
       236         14          0          0          0       2254   gd32f4xx_exti.o
       238          0          0          0          0       2660   gd32f4xx_gpio.o
        20          0          0          0          0     121069   gd32f4xx_it.o
       240         26          0          0          0       2255   gd32f4xx_misc.o
        20          6          0          0          0        614   gd32f4xx_pmu.o
       880         64          0          0          0       7644   gd32f4xx_rcu.o
       504         32          0          0          0       5182   gd32f4xx_rtc.o
       172          6          0          0          0        846   gd32f4xx_syscfg.o
       666         44          0          0          0       7135   gd32f4xx_timer.o
       916         24          0          0          0      15354   gd32f4xx_usart.o
      5556        778        588         13        872      22870   gnss.o
      1248        302          0         32       4096       6498   gnsstask.o
       732         72          0         32     102400       4507   heap_4.o
       268         72          0         12        100       3344   imutask.o
         0          0          0          0        152        232   inavgnss.o
     18972       2742        145          0       9928      33173   inavins.o
       386         70         47         28       4096       3029   inavlog.o
       148          0          0          0          0       3174   list.o
       252          0          0          0          0       3128   m_queue.o
       712         70          2       1022       1016      55107   main.o
     10896        488          0          0       4572      20051   matrix.o
      1072        152          0         13        544       8311   nav_task.o
      1014         92          0         12          0      11221   port.o
      2712         28          0          0         64      20288   queue.o
       266          0          0          0          0       2241   serial.o
        36          8        428          0     263168        944   startup_gd32f450_470.o
       732         62          0          4          0       3891   system_gd32f4xx.o
       120         14          0          0          0      27648   systick.o
      3786        454          0         60        400      29183   tasks.o
       752         76         96       1344          0       4921   time_unify.o
      1266        114          0         20         40      12151   timers.o
       656         16          0          2          0       4495   uartadapter.o

    ----------------------------------------------------------------------
     66964       6480       4276       2968     393952     582563   Object Totals
         0          0         32          0          0          0   (incl. Generated)
        66          0          6         17         14          0   (incl. Padding)

    ----------------------------------------------------------------------

      Code (inc. data)   RO Data    RW Data    ZI Data      Debug   Library Member Name

       864         94         80          0          0        280   asin.o
       744        106        152          0          0        352   atan.o
       496         64          0          0          0        192   atan2.o
        56         12          0          0          0        132   atof.o
       200         20          0          0          0        164   cos.o
       368         46         48          0          0        200   cos_i.o
       184         44          0          0          0        744   dunder.o
       856        142         88          0          0        288   exp.o
        44          0          0          0          0        248   fabs.o
       280         28          0          0          0        156   floor.o
        48          0          0          0          0        124   fpclassify.o
       964         92         56          0          0        316   log.o
       248          0          0          0          0        152   poly.o
         0          0          8          0          0          0   qnan.o
      1080        142        200          0          0        188   rred.o
       200         20          0          0          0        164   sin.o
       304         24         40          0          0        208   sin_i.o
       232          0          0          0          0        296   sqrt.o
        40         10          0          0          0        128   strtod.o
        56          8          0          0          0         84   __0sscanf.o
        86          0          0          0          0          0   __dczerorl2.o
        28          0          0          0          0         68   _chval.o
       812          4          0          0          0        112   _scanf.o
        64          0          0          0          0         84   _sgetc.o
       158          0          0          0          0         92   _strtoul.o
        26          0          0          0          0         80   atoi.o
        26          0          0          0          0         80   atol.o
         8          4        133          0          0         68   ctype_o.o
         0          0          0          0          0          0   entry.o
         0          0          0          0          0          0   entry10a.o
         0          0          0          0          0          0   entry11a.o
         8          4          0          0          0          0   entry2.o
         4          0          0          0          0          0   entry5.o
         0          0          0          0          0          0   entry7b.o
         0          0          0          0          0          0   entry8b.o
         8          4          0          0          0          0   entry9a.o
        32         16          0          4          0        204   errno.o
        30          0          0          0          0          0   handlers.o
        36          8          0          0          0         68   init.o
        18          0          0          0          0         76   isspace_o.o
         0          0          0          0          0          0   iusefp.o
        30          0          0          0          0         68   llshl.o
        36          0          0          0          0         68   llsshr.o
        32          0          0          0          0         68   llushr.o
       188         20          0          0          0        160   malloc.o
        26          0          0          0          0         80   memcmp.o
        36          0          0          0          0         68   memcpya.o
        36          0          0          0          0        108   memseta.o
         0          0          0          8          0          0   mvars.o
      2374        100          0          0          0        752   printfa.o
        40          8          0          0          0         84   scanf_char.o
       878         12          0          0          0        216   scanf_fp.o
         0          0          0          4          0          0   stdout.o
        24          0          0          0          0         68   strcat.o
        20          0          0          0          0         68   strchr.o
        14          0          0          0          0         68   strlen.o
        30          0          0          0          0         80   strncmp.o
        24          0          0          0          0         76   strncpy.o
        32          0          0          0          0         68   strrchr.o
        36          0          0          0          0         80   strstr.o
       156         12          0          0          0        120   strtod.o
        68          6          0          4          0         80   strtok.o
       112          0          0          0          0         88   strtol.o
        44          0          0          0          0         80   uidiv.o
        98          0          0          0          0         92   uldiv.o
        48          0          0          0          0         68   cdcmple.o
        48          0          0          0          0         68   cdrcmple.o
        56          0          0          0          0         88   d2f.o
       334          0          0          0          0        148   dadd.o
       222          0          0          0          0        100   ddiv.o
       186          0          0          0          0        176   depilogue.o
        62          0          0          0          0         80   dfixi.o
        50          0          0          0          0         76   dfixui.o
        48          0          0          0          0         68   dfixul.o
        34          0          0          0          0         76   dflti.o
        26          0          0          0          0         76   dfltui.o
        24          0          0          0          0         76   dfltul.o
       228          0          0          0          0         96   dmul.o
       162          0          0          0          0        100   dsqrt.o
        38          0          0          0          0         68   f2d.o
       110          0          0          0          0        168   fepilogue.o

    ----------------------------------------------------------------------
     14648       1054        808         20          4       9520   Library Totals
        30          4          3          0          4          0   (incl. Padding)

    ----------------------------------------------------------------------

      Code (inc. data)   RO Data    RW Data    ZI Data      Debug   Library Name

      7208        844        672          0          0       4332   m_wm.l
      5734        206        133         20          0       3656   mc_w.l
      1676          0          0          0          0       1532   mf_w.l

    ----------------------------------------------------------------------
     14648       1054        808         20          4       9520   Library Totals

    ----------------------------------------------------------------------

==============================================================================


      Code (inc. data)   RO Data    RW Data    ZI Data      Debug   

     81612       7534       5084       2988     393956     552503   Grand Totals
     81612       7534       5084        272     393956     552503   ELF Image Totals (compressed)
     81612       7534       5084        272          0          0   ROM Totals

==============================================================================

    Total RO  Size (Code + RO Data)                86696 (  84.66kB)
    Total RW  Size (RW Data + ZI Data)            396944 ( 387.64kB)
    Total ROM Size (Code + RO Data + RW Data)      86968 (  84.93kB)

==============================================================================

